
**** Build of configuration Debug for project software_prj ****

Nothing to build for project software_prj
08:43:46 **** Clean-only build of configuration Debug for project software_prj ****
make clean 
rm -rf  ./src/AXI_Exerciser.o ./src/AXI_monitor.o ./src/axi_interrupt.o ./src/cf_hdmi.o ./src/img_filters.o ./src/main.o ./src/transmitter.o  ./inc/xconvert_to_gray.o ./inc/ximage_filter.o ./inc/xsobel_filter.o  ./src/AXI_Exerciser.d ./src/AXI_monitor.d ./src/axi_interrupt.d ./src/cf_hdmi.d ./src/img_filters.d ./src/main.d ./src/transmitter.d  ./inc/xconvert_to_gray.d ./inc/ximage_filter.d ./inc/xsobel_filter.d  software_prj.elf.size  software_prj.elf
 
08:43:46 **** Auto Build of configuration Debug for project software_prj ****
make all 
Building file: ../src/AXI_Exerciser.c
Invoking: ARM gcc compiler
arm-xilinx-eabi-gcc -Wall -O0 -g3 -I/home/ga46sam/zync_work/Performances/opencv_install -I"/home/ga46sam/Lab_Zynq/FROM_server/Project1_Optimized/SDK/SDK_Workspace/software_prj/inc" -c -fmessage-length=0 -I../../standalone_bsp_0/ps7_cortexa9_0/include -MMD -MP -MF"src/AXI_Exerciser.d" -MT"src/AXI_Exerciser.d" -o "src/AXI_Exerciser.o" "../src/AXI_Exerciser.c"
../src/AXI_Exerciser.c:9:23: fatal error: xil_types.h: No such file or directory
compilation terminated.
make: *** [src/AXI_Exerciser.o] Error 1
08:43:58 **** Build of project standalone_bsp_0 ****
make -k all 
libgen -hw ../Project1_Optimized_hw_platform/system.xml\
	       \
	       -pe ps7_cortexa9_0 \
	       -log libgen.log \
	       system.mss
libgen
Xilinx EDK 14.7 Build EDK_P.20131013
Copyright (c) 1995-2012 Xilinx, Inc.  All rights reserved.

Command Line: libgen -hw ../Project1_Optimized_hw_platform/system.xml -pe
ps7_cortexa9_0 -log libgen.log system.mss 


Staging source files.
Running DRCs.
Running generate.
Running post_generate.
Running include - 'gmake -s include "COMPILER=arm-xilinx-eabi-gcc"
"ARCHIVER=arm-xilinx-eabi-ar" "COMPILER_FLAGS= -O2 -c"
"EXTRA_COMPILER_FLAGS=-g"'.

Running libs - 'gmake -s libs "COMPILER=arm-xilinx-eabi-gcc"
"ARCHIVER=arm-xilinx-eabi-ar" "COMPILER_FLAGS= -O2 -c"
"EXTRA_COMPILER_FLAGS=-g"'.
Compiling common
arm-xilinx-eabi-ar: creating ../../../lib/libxil.a
Compiling standalone
Compiling axidma
Compiling iic
Compiling axivdma
Compiling devcfg
Compiling dmaps
Compiling emacps
Compiling gpiops
Compiling iicps
Compiling qspips
Compiling scugic
Compiling scutimer
Compiling scuwdt
Compiling ttcps
Compiling uartps
Compiling usbps
Compiling xadcps
Compiling cpu_cortexa9
Running execs_generate.
Finished building libraries
08:44:27 **** Auto Build of configuration Debug for project software_prj ****
make all 
Building file: ../src/AXI_Exerciser.c
Invoking: ARM gcc compiler
arm-xilinx-eabi-gcc -Wall -O0 -g3 -I/home/ga46sam/zync_work/Performances/opencv_install -I"/home/ga46sam/Lab_Zynq/FROM_server/Project1_Optimized/SDK/SDK_Workspace/software_prj/inc" -c -fmessage-length=0 -I../../standalone_bsp_0/ps7_cortexa9_0/include -MMD -MP -MF"src/AXI_Exerciser.d" -MT"src/AXI_Exerciser.d" -o "src/AXI_Exerciser.o" "../src/AXI_Exerciser.c"
../src/AXI_Exerciser.c: In function 'AXI_Exerciser_clear':
../src/AXI_Exerciser.c:128:35: error: 'XPAR_AXI_EXERCISER_0_BASEADDR' undeclared (first use in this function)
../src/AXI_Exerciser.c:128:35: note: each undeclared identifier is reported only once for each function it appears in
../src/AXI_Exerciser.c:128:6: warning: implicit declaration of function 'Xil_In32' [-Wimplicit-function-declaration]
../src/AXI_Exerciser.c: In function 'mem_clean':
../src/AXI_Exerciser.c:164:3: warning: implicit declaration of function 'Xil_Out32' [-Wimplicit-function-declaration]
make: *** [src/AXI_Exerciser.o] Error 1
08:45:10 **** Clean-only build of configuration Debug for project software_prj ****
make clean 
rm -rf  ./src/AXI_Exerciser.o ./src/AXI_monitor.o ./src/axi_interrupt.o ./src/cf_hdmi.o ./src/img_filters.o ./src/main.o ./src/transmitter.o  ./inc/xconvert_to_gray.o ./inc/ximage_filter.o ./inc/xsobel_filter.o  ./src/AXI_Exerciser.d ./src/AXI_monitor.d ./src/axi_interrupt.d ./src/cf_hdmi.d ./src/img_filters.d ./src/main.d ./src/transmitter.d  ./inc/xconvert_to_gray.d ./inc/ximage_filter.d ./inc/xsobel_filter.d  software_prj.elf.size  software_prj.elf
 
08:45:10 **** Auto Build of configuration Debug for project software_prj ****
make all 
Building file: ../src/AXI_monitor.c
Invoking: ARM gcc compiler
arm-xilinx-eabi-gcc -Wall -O0 -g3 -I/home/ga46sam/zync_work/Performances/opencv_install -I"/home/ga46sam/Lab_Zynq/FROM_server/Project1_Optimized/SDK/SDK_Workspace/software_prj/inc" -c -fmessage-length=0 -I../../standalone_bsp_0/ps7_cortexa9_0/include -MMD -MP -MF"src/AXI_monitor.d" -MT"src/AXI_monitor.d" -o "src/AXI_monitor.o" "../src/AXI_monitor.c"
../src/AXI_monitor.c: In function 'AXI_monitor_configWR':
../src/AXI_monitor.c:16:1: warning: implicit declaration of function 'printf' [-Wimplicit-function-declaration]
../src/AXI_monitor.c:16:1: warning: incompatible implicit declaration of built-in function 'printf' [enabled by default]
../src/AXI_monitor.c:17:1: warning: implicit declaration of function 'Xil_Out32' [-Wimplicit-function-declaration]
../src/AXI_monitor.c:17:11: error: 'XPAR_AXI_PERF_MON_0_BASEADDR' undeclared (first use in this function)
../src/AXI_monitor.c:17:11: note: each undeclared identifier is reported only once for each function it appears in
../src/AXI_monitor.c: In function 'AXI_monitor_configRD':
../src/AXI_monitor.c:35:2: warning: incompatible implicit declaration of built-in function 'printf' [enabled by default]
../src/AXI_monitor.c:36:12: error: 'XPAR_AXI_PERF_MON_0_BASEADDR' undeclared (first use in this function)
../src/AXI_monitor.c: In function 'AXI_monitor_reset':
../src/AXI_monitor.c:49:14: error: 'XPAR_AXI_PERF_MON_0_BASEADDR' undeclared (first use in this function)
../src/AXI_monitor.c: In function 'AXI_monitor_stop':
../src/AXI_monitor.c:58:13: error: 'XPAR_AXI_PERF_MON_0_BASEADDR' undeclared (first use in this function)
../src/AXI_monitor.c: In function 'AXI_monitor_result':
../src/AXI_monitor.c:68:3: warning: implicit declaration of function 'xil_printf' [-Wimplicit-function-declaration]
../src/AXI_monitor.c:69:3: warning: incompatible implicit declaration of built-in function 'printf' [enabled by default]
../src/AXI_monitor.c:69:3: warning: implicit declaration of function 'Xil_In32' [-Wimplicit-function-declaration]
../src/AXI_monitor.c:69:58: error: 'XPAR_AXI_PERF_MON_0_BASEADDR' undeclared (first use in this function)
../src/AXI_monitor.c:76:4: warning: implicit declaration of function 'strcmp' [-Wimplicit-function-declaration]
../src/AXI_monitor.c: At top level:
../src/AXI_monitor.c:9:6: warning: array 'mode' assumed to have one element [enabled by default]
make: *** [src/AXI_monitor.o] Error 1
08:45:19 **** Clean-only build of configuration Debug for project software_prj ****
make clean 
rm -rf  ./src/AXI_monitor.o ./src/axi_interrupt.o ./src/cf_hdmi.o ./src/img_filters.o ./src/main.o ./src/transmitter.o  ./inc/xconvert_to_gray.o ./inc/ximage_filter.o ./inc/xsobel_filter.o  ./src/AXI_monitor.d ./src/axi_interrupt.d ./src/cf_hdmi.d ./src/img_filters.d ./src/main.d ./src/transmitter.d  ./inc/xconvert_to_gray.d ./inc/ximage_filter.d ./inc/xsobel_filter.d  software_prj.elf.size  software_prj.elf
 
08:45:19 **** Auto Build of configuration Debug for project software_prj ****
make all 
Building file: ../src/axi_interrupt.c
Invoking: ARM gcc compiler
arm-xilinx-eabi-gcc -Wall -O0 -g3 -I/home/ga46sam/zync_work/Performances/opencv_install -I"/home/ga46sam/Lab_Zynq/FROM_server/Project1_Optimized/SDK/SDK_Workspace/software_prj/inc" -c -fmessage-length=0 -I../../standalone_bsp_0/ps7_cortexa9_0/include -MMD -MP -MF"src/axi_interrupt.d" -MT"src/axi_interrupt.d" -o "src/axi_interrupt.o" "../src/axi_interrupt.c"
../src/axi_interrupt.c: In function 'AXI_INTERRUPT_VsyncIntr_Handler':
../src/axi_interrupt.c:60:11: warning: variable 'baseaddr' set but not used [-Wunused-but-set-variable]
Finished building: ../src/axi_interrupt.c
 
Building file: ../src/cf_hdmi.c
Invoking: ARM gcc compiler
arm-xilinx-eabi-gcc -Wall -O0 -g3 -I/home/ga46sam/zync_work/Performances/opencv_install -I"/home/ga46sam/Lab_Zynq/FROM_server/Project1_Optimized/SDK/SDK_Workspace/software_prj/inc" -c -fmessage-length=0 -I../../standalone_bsp_0/ps7_cortexa9_0/include -MMD -MP -MF"src/cf_hdmi.d" -MT"src/cf_hdmi.d" -o "src/cf_hdmi.o" "../src/cf_hdmi.c"
../src/cf_hdmi.c: In function 'DDRVideoWr':
../src/cf_hdmi.c:112:15: warning: unused variable 'overhead' [-Wunused-variable]
../src/cf_hdmi.c:110:16: warning: unused variable 'VH_offset' [-Wunused-variable]
../src/cf_hdmi.c:109:14: warning: unused variable 't' [-Wunused-variable]
../src/cf_hdmi.c: In function 'ConvToGray':
../src/cf_hdmi.c:212:16: warning: unused variable 'VH_offset' [-Wunused-variable]
In file included from ../src/cf_hdmi.c:48:0:
../src/cf_hdmi.c: At top level:
../src/cf_hdmi_demo.h:42:12: warning: 'IMG_DATA' defined but not used [-Wunused-variable]
Finished building: ../src/cf_hdmi.c
 
Building file: ../src/img_filters.c
Invoking: ARM gcc compiler
arm-xilinx-eabi-gcc -Wall -O0 -g3 -I/home/ga46sam/zync_work/Performances/opencv_install -I"/home/ga46sam/Lab_Zynq/FROM_server/Project1_Optimized/SDK/SDK_Workspace/software_prj/inc" -c -fmessage-length=0 -I../../standalone_bsp_0/ps7_cortexa9_0/include -MMD -MP -MF"src/img_filters.d" -MT"src/img_filters.d" -o "src/img_filters.o" "../src/img_filters.c"
Finished building: ../src/img_filters.c
 
Building file: ../src/main.c
Invoking: ARM gcc compiler
arm-xilinx-eabi-gcc -Wall -O0 -g3 -I/home/ga46sam/zync_work/Performances/opencv_install -I"/home/ga46sam/Lab_Zynq/FROM_server/Project1_Optimized/SDK/SDK_Workspace/software_prj/inc" -c -fmessage-length=0 -I../../standalone_bsp_0/ps7_cortexa9_0/include -MMD -MP -MF"src/main.d" -MT"src/main.d" -o "src/main.o" "../src/main.c"
../src/main.c:67:13: warning: 'Ex_config' initialized and declared 'extern' [enabled by default]
../src/main.c: In function 'configureFilterVDMA':
../src/main.c:238:19: error: 'XPAR_AXI_VDMA_1_BASEADDR' undeclared (first use in this function)
../src/main.c:238:19: note: each undeclared identifier is reported only once for each function it appears in
../src/main.c: In function 'readConfigurationVDMA':
../src/main.c:300:20: error: 'XPAR_AXI_VDMA_1_BASEADDR' undeclared (first use in this function)
../src/main.c: In function 'resetVDMA':
../src/main.c:354:20: error: 'XPAR_AXI_VDMA_1_BASEADDR' undeclared (first use in this function)
../src/main.c: In function 'APP_ChangeResolution':
../src/main.c:556:8: warning: implicit declaration of function 'AXI_Exerciser_config' [-Wimplicit-function-declaration]
../src/main.c:556:29: error: 'XPAR_AXI_EXERCISER_0_BASEADDR' undeclared (first use in this function)
../src/main.c:568:12: warning: implicit declaration of function 'AXI_monitor_configWR' [-Wimplicit-function-declaration]
../src/main.c:571:9: warning: implicit declaration of function 'AXI_monitor_configRD' [-Wimplicit-function-declaration]
../src/main.c:575:11: warning: implicit declaration of function 'AXI_Exerciser_start1' [-Wimplicit-function-declaration]
../src/main.c:578:11: warning: implicit declaration of function 'AXI_Exerciser_stop' [-Wimplicit-function-declaration]
../src/main.c: In function 'main':
../src/main.c:707:3: warning: implicit declaration of function 'AXI_monitor_reset' [-Wimplicit-function-declaration]
../src/main.c:712:24: error: 'XPAR_AXI_EXERCISER_0_BASEADDR' undeclared (first use in this function)
../src/main.c:720:5: warning: implicit declaration of function 'AXI_monitor_stop' [-Wimplicit-function-declaration]
make: *** [src/main.o] Error 1
08:45:28 **** Auto Build of configuration Debug for project software_prj ****
make all 
Building file: ../src/main.c
Invoking: ARM gcc compiler
arm-xilinx-eabi-gcc -Wall -O0 -g3 -I/home/ga46sam/zync_work/Performances/opencv_install -I"/home/ga46sam/Lab_Zynq/FROM_server/Project1_Optimized/SDK/SDK_Workspace/software_prj/inc" -c -fmessage-length=0 -I../../standalone_bsp_0/ps7_cortexa9_0/include -MMD -MP -MF"src/main.d" -MT"src/main.d" -o "src/main.o" "../src/main.c"
../src/main.c:67:13: warning: 'Ex_config' initialized and declared 'extern' [enabled by default]
../src/main.c: In function 'configureFilterVDMA':
../src/main.c:238:19: error: 'XPAR_AXI_VDMA_1_BASEADDR' undeclared (first use in this function)
../src/main.c:238:19: note: each undeclared identifier is reported only once for each function it appears in
../src/main.c: In function 'readConfigurationVDMA':
../src/main.c:300:20: error: 'XPAR_AXI_VDMA_1_BASEADDR' undeclared (first use in this function)
../src/main.c: In function 'resetVDMA':
../src/main.c:354:20: error: 'XPAR_AXI_VDMA_1_BASEADDR' undeclared (first use in this function)
../src/main.c: In function 'APP_ChangeResolution':
../src/main.c:556:8: warning: implicit declaration of function 'AXI_Exerciser_config' [-Wimplicit-function-declaration]
../src/main.c:556:29: error: 'XPAR_AXI_EXERCISER_0_BASEADDR' undeclared (first use in this function)
../src/main.c:568:12: warning: implicit declaration of function 'AXI_monitor_configWR' [-Wimplicit-function-declaration]
../src/main.c:571:9: warning: implicit declaration of function 'AXI_monitor_configRD' [-Wimplicit-function-declaration]
../src/main.c:575:11: warning: implicit declaration of function 'AXI_Exerciser_start1' [-Wimplicit-function-declaration]
../src/main.c:578:11: warning: implicit declaration of function 'AXI_Exerciser_stop' [-Wimplicit-function-declaration]
../src/main.c: In function 'main':
../src/main.c:707:3: warning: implicit declaration of function 'AXI_monitor_reset' [-Wimplicit-function-declaration]
../src/main.c:720:5: warning: implicit declaration of function 'AXI_monitor_stop' [-Wimplicit-function-declaration]
make: *** [src/main.o] Error 1
08:45:43 **** Auto Build of configuration Debug for project software_prj ****
make all 
Building file: ../src/main.c
Invoking: ARM gcc compiler
arm-xilinx-eabi-gcc -Wall -O0 -g3 -I/home/ga46sam/zync_work/Performances/opencv_install -I"/home/ga46sam/Lab_Zynq/FROM_server/Project1_Optimized/SDK/SDK_Workspace/software_prj/inc" -c -fmessage-length=0 -I../../standalone_bsp_0/ps7_cortexa9_0/include -MMD -MP -MF"src/main.d" -MT"src/main.d" -o "src/main.o" "../src/main.c"
../src/main.c:67:13: warning: 'Ex_config' initialized and declared 'extern' [enabled by default]
../src/main.c: In function 'configureFilterVDMA':
../src/main.c:238:19: error: 'XPAR_AXI_VDMA_1_BASEADDR' undeclared (first use in this function)
../src/main.c:238:19: note: each undeclared identifier is reported only once for each function it appears in
../src/main.c: In function 'readConfigurationVDMA':
../src/main.c:300:20: error: 'XPAR_AXI_VDMA_1_BASEADDR' undeclared (first use in this function)
../src/main.c: In function 'resetVDMA':
../src/main.c:354:20: error: 'XPAR_AXI_VDMA_1_BASEADDR' undeclared (first use in this function)
../src/main.c: In function 'main':
../src/main.c:708:3: warning: implicit declaration of function 'AXI_monitor_reset' [-Wimplicit-function-declaration]
../src/main.c:721:5: warning: implicit declaration of function 'AXI_monitor_stop' [-Wimplicit-function-declaration]
make: *** [src/main.o] Error 1
08:47:00 **** Auto Build of configuration Debug for project software_prj ****
make all 
Building file: ../src/main.c
Invoking: ARM gcc compiler
arm-xilinx-eabi-gcc -Wall -O0 -g3 -I/home/ga46sam/zync_work/Performances/opencv_install -I"/home/ga46sam/Lab_Zynq/FROM_server/Project1_Optimized/SDK/SDK_Workspace/software_prj/inc" -c -fmessage-length=0 -I../../standalone_bsp_0/ps7_cortexa9_0/include -MMD -MP -MF"src/main.d" -MT"src/main.d" -o "src/main.o" "../src/main.c"
../src/main.c:67:13: warning: 'Ex_config' initialized and declared 'extern' [enabled by default]
../src/main.c: In function 'configureFilterVDMA':
../src/main.c:241:2: error: 'else' without a previous 'if'
../src/main.c: In function 'readConfigurationVDMA':
../src/main.c:301:20: error: 'XPAR_AXI_VDMA_1_BASEADDR' undeclared (first use in this function)
../src/main.c:301:20: note: each undeclared identifier is reported only once for each function it appears in
../src/main.c: In function 'resetVDMA':
../src/main.c:355:20: error: 'XPAR_AXI_VDMA_1_BASEADDR' undeclared (first use in this function)
../src/main.c: In function 'main':
../src/main.c:709:3: warning: implicit declaration of function 'AXI_monitor_reset' [-Wimplicit-function-declaration]
../src/main.c:722:5: warning: implicit declaration of function 'AXI_monitor_stop' [-Wimplicit-function-declaration]
make: *** [src/main.o] Error 1
08:47:39 **** Auto Build of configuration Debug for project software_prj ****
make all 
Building file: ../src/main.c
Invoking: ARM gcc compiler
arm-xilinx-eabi-gcc -Wall -O0 -g3 -I/home/ga46sam/zync_work/Performances/opencv_install -I"/home/ga46sam/Lab_Zynq/FROM_server/Project1_Optimized/SDK/SDK_Workspace/software_prj/inc" -c -fmessage-length=0 -I../../standalone_bsp_0/ps7_cortexa9_0/include -MMD -MP -MF"src/main.d" -MT"src/main.d" -o "src/main.o" "../src/main.c"
../src/main.c:67:13: warning: 'Ex_config' initialized and declared 'extern' [enabled by default]
../src/main.c: In function 'configureFilterVDMA':
../src/main.c:247:3: error: #endif without #if
../src/main.c: In function 'readConfigurationVDMA':
../src/main.c:305:20: error: 'XPAR_AXI_VDMA_1_BASEADDR' undeclared (first use in this function)
../src/main.c:305:20: note: each undeclared identifier is reported only once for each function it appears in
../src/main.c: In function 'resetVDMA':
../src/main.c:359:20: error: 'XPAR_AXI_VDMA_1_BASEADDR' undeclared (first use in this function)
../src/main.c: In function 'main':
../src/main.c:713:3: warning: implicit declaration of function 'AXI_monitor_reset' [-Wimplicit-function-declaration]
../src/main.c:726:5: warning: implicit declaration of function 'AXI_monitor_stop' [-Wimplicit-function-declaration]
make: *** [src/main.o] Error 1
08:47:47 **** Auto Build of configuration Debug for project software_prj ****
make all 
Building file: ../src/main.c
Invoking: ARM gcc compiler
arm-xilinx-eabi-gcc -Wall -O0 -g3 -I/home/ga46sam/zync_work/Performances/opencv_install -I"/home/ga46sam/Lab_Zynq/FROM_server/Project1_Optimized/SDK/SDK_Workspace/software_prj/inc" -c -fmessage-length=0 -I../../standalone_bsp_0/ps7_cortexa9_0/include -MMD -MP -MF"src/main.d" -MT"src/main.d" -o "src/main.o" "../src/main.c"
../src/main.c:67:13: warning: 'Ex_config' initialized and declared 'extern' [enabled by default]
../src/main.c: In function 'readConfigurationVDMA':
../src/main.c:304:20: error: 'XPAR_AXI_VDMA_1_BASEADDR' undeclared (first use in this function)
../src/main.c:304:20: note: each undeclared identifier is reported only once for each function it appears in
../src/main.c: In function 'resetVDMA':
../src/main.c:358:20: error: 'XPAR_AXI_VDMA_1_BASEADDR' undeclared (first use in this function)
../src/main.c: In function 'main':
../src/main.c:712:3: warning: implicit declaration of function 'AXI_monitor_reset' [-Wimplicit-function-declaration]
../src/main.c:725:5: warning: implicit declaration of function 'AXI_monitor_stop' [-Wimplicit-function-declaration]
make: *** [src/main.o] Error 1
08:48:24 **** Auto Build of configuration Debug for project software_prj ****
make all 
Building file: ../src/main.c
Invoking: ARM gcc compiler
arm-xilinx-eabi-gcc -Wall -O0 -g3 -I/home/ga46sam/zync_work/Performances/opencv_install -I"/home/ga46sam/Lab_Zynq/FROM_server/Project1_Optimized/SDK/SDK_Workspace/software_prj/inc" -c -fmessage-length=0 -I../../standalone_bsp_0/ps7_cortexa9_0/include -MMD -MP -MF"src/main.d" -MT"src/main.d" -o "src/main.o" "../src/main.c"
../src/main.c:67:13: warning: 'Ex_config' initialized and declared 'extern' [enabled by default]
../src/main.c: In function 'readConfigurationVDMA':
../src/main.c:301:6: warning: variable 'VDMA_BASEADDR' set but not used [-Wunused-but-set-variable]
../src/main.c: At top level:
../src/main.c:313:3: error: expected identifier or '(' before 'else'
../src/main.c:315:14: error: expected declaration specifiers or '...' before string constant
../src/main.c:315:45: error: expected identifier or '(' before '}' token
../src/main.c:319:13: error: expected declaration specifiers or '...' before string constant
../src/main.c:319:45: error: expected declaration specifiers or '...' before 'Xil_In32'
../src/main.c:320:13: error: expected declaration specifiers or '...' before string constant
../src/main.c:320:45: error: expected declaration specifiers or '...' before 'Xil_In32'
../src/main.c:321:13: error: expected declaration specifiers or '...' before string constant
../src/main.c:321:45: error: expected declaration specifiers or '...' before 'Xil_In32'
../src/main.c:322:13: error: expected declaration specifiers or '...' before string constant
../src/main.c:322:45: error: expected declaration specifiers or '...' before 'Xil_In32'
../src/main.c:323:13: error: expected declaration specifiers or '...' before string constant
../src/main.c:323:45: error: expected declaration specifiers or '...' before 'Xil_In32'
../src/main.c:324:13: error: expected declaration specifiers or '...' before string constant
../src/main.c:324:52: error: expected declaration specifiers or '...' before 'Xil_In32'
../src/main.c:325:13: error: expected declaration specifiers or '...' before string constant
../src/main.c:325:44: error: expected declaration specifiers or '...' before 'Xil_In32'
../src/main.c:326:13: error: expected declaration specifiers or '...' before string constant
../src/main.c:326:44: error: expected declaration specifiers or '...' before 'Xil_In32'
../src/main.c:328:13: error: expected declaration specifiers or '...' before string constant
../src/main.c:328:43: error: expected declaration specifiers or '...' before 'Xil_In32'
../src/main.c:329:13: error: expected declaration specifiers or '...' before string constant
../src/main.c:329:45: error: expected declaration specifiers or '...' before 'Xil_In32'
../src/main.c:330:13: error: expected declaration specifiers or '...' before string constant
../src/main.c:330:45: error: expected declaration specifiers or '...' before 'Xil_In32'
../src/main.c:331:13: error: expected declaration specifiers or '...' before string constant
../src/main.c:331:45: error: expected declaration specifiers or '...' before 'Xil_In32'
../src/main.c:332:13: error: expected declaration specifiers or '...' before string constant
../src/main.c:332:45: error: expected declaration specifiers or '...' before 'Xil_In32'
../src/main.c:333:13: error: expected declaration specifiers or '...' before string constant
../src/main.c:333:52: error: expected declaration specifiers or '...' before 'Xil_In32'
../src/main.c:334:13: error: expected declaration specifiers or '...' before string constant
../src/main.c:334:44: error: expected declaration specifiers or '...' before 'Xil_In32'
../src/main.c:335:13: error: expected declaration specifiers or '...' before string constant
../src/main.c:335:44: error: expected declaration specifiers or '...' before 'Xil_In32'
../src/main.c:338:14: error: expected declaration specifiers or '...' before string constant
../src/main.c:338:49: error: expected declaration specifiers or '...' before 'Xil_In32'
../src/main.c:339:14: error: expected declaration specifiers or '...' before string constant
../src/main.c:339:46: error: expected declaration specifiers or '...' before 'Xil_In32'
../src/main.c:340:14: error: expected declaration specifiers or '...' before string constant
../src/main.c:340:46: error: expected declaration specifiers or '...' before 'Xil_In32'
../src/main.c:341:14: error: expected declaration specifiers or '...' before string constant
../src/main.c:341:46: error: expected declaration specifiers or '...' before 'Xil_In32'
../src/main.c:342:14: error: expected declaration specifiers or '...' before string constant
../src/main.c:342:53: error: expected declaration specifiers or '...' before 'Xil_In32'
../src/main.c:343:14: error: expected declaration specifiers or '...' before string constant
../src/main.c:343:45: error: expected declaration specifiers or '...' before 'Xil_In32'
../src/main.c:344:14: error: expected declaration specifiers or '...' before string constant
../src/main.c:344:45: error: expected declaration specifiers or '...' before 'Xil_In32'
../src/main.c:345:14: error: expected declaration specifiers or '...' before string constant
../src/main.c:346:1: error: expected identifier or '(' before '}' token
../src/main.c: In function 'resetVDMA':
../src/main.c:354:20: error: 'XPAR_AXI_VDMA_1_BASEADDR' undeclared (first use in this function)
../src/main.c:354:20: note: each undeclared identifier is reported only once for each function it appears in
../src/main.c: In function 'main':
../src/main.c:708:3: warning: implicit declaration of function 'AXI_monitor_reset' [-Wimplicit-function-declaration]
../src/main.c:721:5: warning: implicit declaration of function 'AXI_monitor_stop' [-Wimplicit-function-declaration]
make: *** [src/main.o] Error 1
08:49:09 **** Auto Build of configuration Debug for project software_prj ****
make all 
Building file: ../src/main.c
Invoking: ARM gcc compiler
arm-xilinx-eabi-gcc -Wall -O0 -g3 -I/home/ga46sam/zync_work/Performances/opencv_install -I"/home/ga46sam/Lab_Zynq/FROM_server/Project1_Optimized/SDK/SDK_Workspace/software_prj/inc" -c -fmessage-length=0 -I../../standalone_bsp_0/ps7_cortexa9_0/include -MMD -MP -MF"src/main.d" -MT"src/main.d" -o "src/main.o" "../src/main.c"
../src/main.c:67:13: warning: 'Ex_config' initialized and declared 'extern' [enabled by default]
../src/main.c: In function 'resetVDMA':
../src/main.c:354:20: error: 'XPAR_AXI_VDMA_1_BASEADDR' undeclared (first use in this function)
../src/main.c:354:20: note: each undeclared identifier is reported only once for each function it appears in
../src/main.c: In function 'main':
../src/main.c:708:3: warning: implicit declaration of function 'AXI_monitor_reset' [-Wimplicit-function-declaration]
../src/main.c:721:5: warning: implicit declaration of function 'AXI_monitor_stop' [-Wimplicit-function-declaration]
make: *** [src/main.o] Error 1
08:49:34 **** Auto Build of configuration Debug for project software_prj ****
make all 
Building file: ../src/main.c
Invoking: ARM gcc compiler
arm-xilinx-eabi-gcc -Wall -O0 -g3 -I/home/ga46sam/zync_work/Performances/opencv_install -I"/home/ga46sam/Lab_Zynq/FROM_server/Project1_Optimized/SDK/SDK_Workspace/software_prj/inc" -c -fmessage-length=0 -I../../standalone_bsp_0/ps7_cortexa9_0/include -MMD -MP -MF"src/main.d" -MT"src/main.d" -o "src/main.o" "../src/main.c"
../src/main.c:67:13: warning: 'Ex_config' initialized and declared 'extern' [enabled by default]
../src/main.c: In function 'main':
../src/main.c:708:3: warning: implicit declaration of function 'AXI_monitor_reset' [-Wimplicit-function-declaration]
../src/main.c:721:5: warning: implicit declaration of function 'AXI_monitor_stop' [-Wimplicit-function-declaration]
Finished building: ../src/main.c
 
Building file: ../src/transmitter.c
Invoking: ARM gcc compiler
arm-xilinx-eabi-gcc -Wall -O0 -g3 -I/home/ga46sam/zync_work/Performances/opencv_install -I"/home/ga46sam/Lab_Zynq/FROM_server/Project1_Optimized/SDK/SDK_Workspace/software_prj/inc" -c -fmessage-length=0 -I../../standalone_bsp_0/ps7_cortexa9_0/include -MMD -MP -MF"src/transmitter.d" -MT"src/transmitter.d" -o "src/transmitter.o" "../src/transmitter.c"
Finished building: ../src/transmitter.c
 
Building file: ../inc/xconvert_to_gray.c
Invoking: ARM gcc compiler
arm-xilinx-eabi-gcc -Wall -O0 -g3 -I/home/ga46sam/zync_work/Performances/opencv_install -I"/home/ga46sam/Lab_Zynq/FROM_server/Project1_Optimized/SDK/SDK_Workspace/software_prj/inc" -c -fmessage-length=0 -I../../standalone_bsp_0/ps7_cortexa9_0/include -MMD -MP -MF"inc/xconvert_to_gray.d" -MT"inc/xconvert_to_gray.d" -o "inc/xconvert_to_gray.o" "../inc/xconvert_to_gray.c"
Finished building: ../inc/xconvert_to_gray.c
 
Building file: ../inc/ximage_filter.c
Invoking: ARM gcc compiler
arm-xilinx-eabi-gcc -Wall -O0 -g3 -I/home/ga46sam/zync_work/Performances/opencv_install -I"/home/ga46sam/Lab_Zynq/FROM_server/Project1_Optimized/SDK/SDK_Workspace/software_prj/inc" -c -fmessage-length=0 -I../../standalone_bsp_0/ps7_cortexa9_0/include -MMD -MP -MF"inc/ximage_filter.d" -MT"inc/ximage_filter.d" -o "inc/ximage_filter.o" "../inc/ximage_filter.c"
Finished building: ../inc/ximage_filter.c
 
Building file: ../inc/xsobel_filter.c
Invoking: ARM gcc compiler
arm-xilinx-eabi-gcc -Wall -O0 -g3 -I/home/ga46sam/zync_work/Performances/opencv_install -I"/home/ga46sam/Lab_Zynq/FROM_server/Project1_Optimized/SDK/SDK_Workspace/software_prj/inc" -c -fmessage-length=0 -I../../standalone_bsp_0/ps7_cortexa9_0/include -MMD -MP -MF"inc/xsobel_filter.d" -MT"inc/xsobel_filter.d" -o "inc/xsobel_filter.o" "../inc/xsobel_filter.c"
Finished building: ../inc/xsobel_filter.c
 
Building target: software_prj.elf
Invoking: ARM gcc linker
arm-xilinx-eabi-gcc -L"/home/ga46sam/Lab_Zynq/FROM_server/Project1_Optimized/SDK/SDK_Workspace/software_prj/lib" -L"/home/ga46sam/Lab_Zynq/FROM_server/Project1_Optimized/SDK/SDK_Workspace/standalone_bsp_0/ps7_cortexa9_0/lib" -Wl,-T -Wl,../src/lscript.ld -L../../standalone_bsp_0/ps7_cortexa9_0/lib -o "software_prj.elf"  ./src/axi_interrupt.o ./src/cf_hdmi.o ./src/img_filters.o ./src/main.o ./src/transmitter.o  ./inc/xconvert_to_gray.o ./inc/ximage_filter.o ./inc/xsobel_filter.o   -lHDMI_ZedBoardLib -Wl,--start-group,-lxil,-lgcc,-lc,--end-group
./src/main.o: In function `main':
/home/ga46sam/Lab_Zynq/FROM_server/Project1_Optimized/SDK/SDK_Workspace/software_prj/Debug/../src/main.c:708: undefined reference to `AXI_monitor_reset'
/home/ga46sam/Lab_Zynq/FROM_server/Project1_Optimized/SDK/SDK_Workspace/software_prj/Debug/../src/main.c:721: undefined reference to `AXI_monitor_stop'
/home/ga46sam/Lab_Zynq/FROM_server/Project1_Optimized/SDK/SDK_Workspace/software_prj/Debug/../src/main.c:733: undefined reference to `AXI_monitor_reset'
collect2: error: ld returned 1 exit status
make: *** [software_prj.elf] Error 1
08:49:44 **** Auto Build of configuration Debug for project software_prj ****
make all 
Building file: ../src/main.c
Invoking: ARM gcc compiler
arm-xilinx-eabi-gcc -Wall -O0 -g3 -I/home/ga46sam/zync_work/Performances/opencv_install -I"/home/ga46sam/Lab_Zynq/FROM_server/Project1_Optimized/SDK/SDK_Workspace/software_prj/inc" -c -fmessage-length=0 -I../../standalone_bsp_0/ps7_cortexa9_0/include -MMD -MP -MF"src/main.d" -MT"src/main.d" -o "src/main.o" "../src/main.c"
../src/main.c:67:13: warning: 'Ex_config' initialized and declared 'extern' [enabled by default]
Finished building: ../src/main.c
 
Building target: software_prj.elf
Invoking: ARM gcc linker
arm-xilinx-eabi-gcc -L"/home/ga46sam/Lab_Zynq/FROM_server/Project1_Optimized/SDK/SDK_Workspace/software_prj/lib" -L"/home/ga46sam/Lab_Zynq/FROM_server/Project1_Optimized/SDK/SDK_Workspace/standalone_bsp_0/ps7_cortexa9_0/lib" -Wl,-T -Wl,../src/lscript.ld -L../../standalone_bsp_0/ps7_cortexa9_0/lib -o "software_prj.elf"  ./src/axi_interrupt.o ./src/cf_hdmi.o ./src/img_filters.o ./src/main.o ./src/transmitter.o  ./inc/xconvert_to_gray.o ./inc/ximage_filter.o ./inc/xsobel_filter.o   -lHDMI_ZedBoardLib -Wl,--start-group,-lxil,-lgcc,-lc,--end-group
Finished building target: software_prj.elf
 
Invoking: ARM Print Size
arm-xilinx-eabi-size software_prj.elf  |tee "software_prj.elf.size"
   text	   data	    bss	    dec	    hex	filename
 167212	 706176	  37056	 910444	  de46c	software_prj.elf
Finished building: software_prj.elf.size
 
08:49:50 **** Clean-only build of configuration Debug for project software_prj ****
make clean 
rm -rf  ./src/axi_interrupt.o ./src/cf_hdmi.o ./src/img_filters.o ./src/main.o ./src/transmitter.o  ./inc/xconvert_to_gray.o ./inc/ximage_filter.o ./inc/xsobel_filter.o  ./src/axi_interrupt.d ./src/cf_hdmi.d ./src/img_filters.d ./src/main.d ./src/transmitter.d  ./inc/xconvert_to_gray.d ./inc/ximage_filter.d ./inc/xsobel_filter.d  software_prj.elf.size  software_prj.elf
 
08:49:50 **** Clean-only build of project standalone_bsp_0 ****
make -k clean 
rm -rf ps7_cortexa9_0
08:49:51 **** Build of project standalone_bsp_0 ****
make -k all 
libgen -hw ../Project1_Optimized_hw_platform/system.xml\
	       \
	       -pe ps7_cortexa9_0 \
	       -log libgen.log \
	       system.mss
libgen
Xilinx EDK 14.7 Build EDK_P.20131013
Copyright (c) 1995-2012 Xilinx, Inc.  All rights reserved.

Command Line: libgen -hw ../Project1_Optimized_hw_platform/system.xml -pe
ps7_cortexa9_0 -log libgen.log system.mss 


Staging source files.
Running DRCs.
Running generate.
Running post_generate.
Running include - 'gmake -s include "COMPILER=arm-xilinx-eabi-gcc"
"ARCHIVER=arm-xilinx-eabi-ar" "COMPILER_FLAGS= -O2 -c"
"EXTRA_COMPILER_FLAGS=-g"'.

Running libs - 'gmake -s libs "COMPILER=arm-xilinx-eabi-gcc"
"ARCHIVER=arm-xilinx-eabi-ar" "COMPILER_FLAGS= -O2 -c"
"EXTRA_COMPILER_FLAGS=-g"'.
Compiling common
arm-xilinx-eabi-ar: creating ../../../lib/libxil.a
Compiling standalone
Compiling axidma
Compiling iic
Compiling axivdma
Compiling devcfg
Compiling dmaps
Compiling emacps
Compiling gpiops
Compiling iicps
Compiling qspips
Compiling scugic
Compiling scutimer
Compiling scuwdt
Compiling ttcps
Compiling uartps
Compiling usbps
Compiling xadcps
Compiling cpu_cortexa9
Running execs_generate.
Finished building libraries
08:50:23 **** Build of configuration Debug for project software_prj ****
make all 
Building file: ../src/axi_interrupt.c
Invoking: ARM gcc compiler
arm-xilinx-eabi-gcc -Wall -O0 -g3 -I/home/ga46sam/zync_work/Performances/opencv_install -I"/home/ga46sam/Lab_Zynq/FROM_server/Project1_Optimized/SDK/SDK_Workspace/software_prj/inc" -c -fmessage-length=0 -I../../standalone_bsp_0/ps7_cortexa9_0/include -MMD -MP -MF"src/axi_interrupt.d" -MT"src/axi_interrupt.d" -o "src/axi_interrupt.o" "../src/axi_interrupt.c"
../src/axi_interrupt.c: In function 'AXI_INTERRUPT_VsyncIntr_Handler':
../src/axi_interrupt.c:60:11: warning: variable 'baseaddr' set but not used [-Wunused-but-set-variable]
Finished building: ../src/axi_interrupt.c
 
Building file: ../src/cf_hdmi.c
Invoking: ARM gcc compiler
arm-xilinx-eabi-gcc -Wall -O0 -g3 -I/home/ga46sam/zync_work/Performances/opencv_install -I"/home/ga46sam/Lab_Zynq/FROM_server/Project1_Optimized/SDK/SDK_Workspace/software_prj/inc" -c -fmessage-length=0 -I../../standalone_bsp_0/ps7_cortexa9_0/include -MMD -MP -MF"src/cf_hdmi.d" -MT"src/cf_hdmi.d" -o "src/cf_hdmi.o" "../src/cf_hdmi.c"
../src/cf_hdmi.c: In function 'DDRVideoWr':
../src/cf_hdmi.c:112:15: warning: unused variable 'overhead' [-Wunused-variable]
../src/cf_hdmi.c:110:16: warning: unused variable 'VH_offset' [-Wunused-variable]
../src/cf_hdmi.c:109:14: warning: unused variable 't' [-Wunused-variable]
../src/cf_hdmi.c: In function 'ConvToGray':
../src/cf_hdmi.c:212:16: warning: unused variable 'VH_offset' [-Wunused-variable]
In file included from ../src/cf_hdmi.c:48:0:
../src/cf_hdmi.c: At top level:
../src/cf_hdmi_demo.h:42:12: warning: 'IMG_DATA' defined but not used [-Wunused-variable]
Finished building: ../src/cf_hdmi.c
 
Building file: ../src/img_filters.c
Invoking: ARM gcc compiler
arm-xilinx-eabi-gcc -Wall -O0 -g3 -I/home/ga46sam/zync_work/Performances/opencv_install -I"/home/ga46sam/Lab_Zynq/FROM_server/Project1_Optimized/SDK/SDK_Workspace/software_prj/inc" -c -fmessage-length=0 -I../../standalone_bsp_0/ps7_cortexa9_0/include -MMD -MP -MF"src/img_filters.d" -MT"src/img_filters.d" -o "src/img_filters.o" "../src/img_filters.c"
Finished building: ../src/img_filters.c
 
Building file: ../src/main.c
Invoking: ARM gcc compiler
arm-xilinx-eabi-gcc -Wall -O0 -g3 -I/home/ga46sam/zync_work/Performances/opencv_install -I"/home/ga46sam/Lab_Zynq/FROM_server/Project1_Optimized/SDK/SDK_Workspace/software_prj/inc" -c -fmessage-length=0 -I../../standalone_bsp_0/ps7_cortexa9_0/include -MMD -MP -MF"src/main.d" -MT"src/main.d" -o "src/main.o" "../src/main.c"
../src/main.c:67:13: warning: 'Ex_config' initialized and declared 'extern' [enabled by default]
Finished building: ../src/main.c
 
Building file: ../src/transmitter.c
Invoking: ARM gcc compiler
arm-xilinx-eabi-gcc -Wall -O0 -g3 -I/home/ga46sam/zync_work/Performances/opencv_install -I"/home/ga46sam/Lab_Zynq/FROM_server/Project1_Optimized/SDK/SDK_Workspace/software_prj/inc" -c -fmessage-length=0 -I../../standalone_bsp_0/ps7_cortexa9_0/include -MMD -MP -MF"src/transmitter.d" -MT"src/transmitter.d" -o "src/transmitter.o" "../src/transmitter.c"
Finished building: ../src/transmitter.c
 
Building file: ../inc/xconvert_to_gray.c
Invoking: ARM gcc compiler
arm-xilinx-eabi-gcc -Wall -O0 -g3 -I/home/ga46sam/zync_work/Performances/opencv_install -I"/home/ga46sam/Lab_Zynq/FROM_server/Project1_Optimized/SDK/SDK_Workspace/software_prj/inc" -c -fmessage-length=0 -I../../standalone_bsp_0/ps7_cortexa9_0/include -MMD -MP -MF"inc/xconvert_to_gray.d" -MT"inc/xconvert_to_gray.d" -o "inc/xconvert_to_gray.o" "../inc/xconvert_to_gray.c"
Finished building: ../inc/xconvert_to_gray.c
 
Building file: ../inc/ximage_filter.c
Invoking: ARM gcc compiler
arm-xilinx-eabi-gcc -Wall -O0 -g3 -I/home/ga46sam/zync_work/Performances/opencv_install -I"/home/ga46sam/Lab_Zynq/FROM_server/Project1_Optimized/SDK/SDK_Workspace/software_prj/inc" -c -fmessage-length=0 -I../../standalone_bsp_0/ps7_cortexa9_0/include -MMD -MP -MF"inc/ximage_filter.d" -MT"inc/ximage_filter.d" -o "inc/ximage_filter.o" "../inc/ximage_filter.c"
Finished building: ../inc/ximage_filter.c
 
Building file: ../inc/xsobel_filter.c
Invoking: ARM gcc compiler
arm-xilinx-eabi-gcc -Wall -O0 -g3 -I/home/ga46sam/zync_work/Performances/opencv_install -I"/home/ga46sam/Lab_Zynq/FROM_server/Project1_Optimized/SDK/SDK_Workspace/software_prj/inc" -c -fmessage-length=0 -I../../standalone_bsp_0/ps7_cortexa9_0/include -MMD -MP -MF"inc/xsobel_filter.d" -MT"inc/xsobel_filter.d" -o "inc/xsobel_filter.o" "../inc/xsobel_filter.c"
Finished building: ../inc/xsobel_filter.c
 
Building target: software_prj.elf
Invoking: ARM gcc linker
arm-xilinx-eabi-gcc -L"/home/ga46sam/Lab_Zynq/FROM_server/Project1_Optimized/SDK/SDK_Workspace/software_prj/lib" -L"/home/ga46sam/Lab_Zynq/FROM_server/Project1_Optimized/SDK/SDK_Workspace/standalone_bsp_0/ps7_cortexa9_0/lib" -Wl,-T -Wl,../src/lscript.ld -L../../standalone_bsp_0/ps7_cortexa9_0/lib -o "software_prj.elf"  ./src/axi_interrupt.o ./src/cf_hdmi.o ./src/img_filters.o ./src/main.o ./src/transmitter.o  ./inc/xconvert_to_gray.o ./inc/ximage_filter.o ./inc/xsobel_filter.o   -lHDMI_ZedBoardLib -Wl,--start-group,-lxil,-lgcc,-lc,--end-group
Finished building target: software_prj.elf
 
Invoking: ARM Print Size
arm-xilinx-eabi-size software_prj.elf  |tee "software_prj.elf.size"
   text	   data	    bss	    dec	    hex	filename
 167212	 706176	  37056	 910444	  de46c	software_prj.elf
Finished building: software_prj.elf.size
 
08:50:56 **** Incremental Build of configuration Debug for project software_prj ****
make all 
make: Nothing to be done for `all'.
12:15:52 **** Incremental Build of configuration Debug for project software_prj ****
make all 
make: Nothing to be done for `all'.
12:19:59 **** Incremental Build of configuration Debug for project software_prj ****
make all 
make: Nothing to be done for `all'.
12:28:51 **** Incremental Build of configuration Debug for project software_prj ****
make all 
make: Nothing to be done for `all'.
12:30:42 **** Incremental Build of configuration Debug for project software_prj ****
make all 
make: Nothing to be done for `all'.
12:32:38 **** Incremental Build of configuration Debug for project software_prj ****
make all 
make: Nothing to be done for `all'.
13:11:32 **** Auto Build of configuration Debug for project software_prj ****
make all 
Building file: ../src/main.c
Invoking: ARM gcc compiler
arm-xilinx-eabi-gcc -Wall -O0 -g3 -I/home/ga46sam/zync_work/Performances/opencv_install -I"/nfs/TUEIEDAprojects/SystemDesign/work/ipxact/benjamin-bordes/Project1_Optimized/SDK/SDK_Workspace/software_prj/inc" -c -fmessage-length=0 -I../../standalone_bsp_0/ps7_cortexa9_0/include -MMD -MP -MF"src/main.d" -MT"src/main.d" -o "src/main.o" "../src/main.c"
../src/main.c:67:13: warning: 'Ex_config' initialized and declared 'extern' [enabled by default]
Finished building: ../src/main.c
 
Building target: software_prj.elf
Invoking: ARM gcc linker
arm-xilinx-eabi-gcc -L"/nfs/TUEIEDAprojects/SystemDesign/work/ipxact/benjamin-bordes/Project1_Optimized/SDK/SDK_Workspace/software_prj/lib" -L"/nfs/TUEIEDAprojects/SystemDesign/work/ipxact/benjamin-bordes/Project1_Optimized/SDK/SDK_Workspace/standalone_bsp_0/ps7_cortexa9_0/lib" -Wl,-T -Wl,../src/lscript.ld -L../../standalone_bsp_0/ps7_cortexa9_0/lib -o "software_prj.elf"  ./src/axi_interrupt.o ./src/cf_hdmi.o ./src/img_filters.o ./src/main.o ./src/transmitter.o  ./inc/xconvert_to_gray.o ./inc/ximage_filter.o ./inc/xsobel_filter.o   -lHDMI_ZedBoardLib -Wl,--start-group,-lxil,-lgcc,-lc,--end-group
Finished building target: software_prj.elf
 
Invoking: ARM Print Size
arm-xilinx-eabi-size software_prj.elf  |tee "software_prj.elf.size"
   text	   data	    bss	    dec	    hex	filename
 167212	 706176	  37056	 910444	  de46c	software_prj.elf
Finished building: software_prj.elf.size
 
09:12:00 **** Auto Build of project standalone_bsp_0 ****
make -k all 
Finished building libraries
09:12:02 **** Auto Build of project standalone_bsp_0 ****
make -k all 
Finished building libraries
09:12:02 **** Auto Build of configuration Debug for project software_prj ****
make all 
Building file: ../src/cf_hdmi.c
Invoking: ARM gcc compiler
arm-xilinx-eabi-gcc -Wall -O0 -g3 -I/home/ga46sam/zync_work/Performances/opencv_install -I"/nfs/TUEIEDAprojects/SystemDesign/work/ipxact/benjamin-bordes/DSE/2IP_GR_ER/SDK/SDK_Workspace/software_prj/inc" -c -fmessage-length=0 -I../../standalone_bsp_0/ps7_cortexa9_0/include -MMD -MP -MF"src/cf_hdmi.d" -MT"src/cf_hdmi.d" -o "src/cf_hdmi.o" "../src/cf_hdmi.c"
Finished building: ../src/cf_hdmi.c
 
Building file: ../src/main.c
Invoking: ARM gcc compiler
arm-xilinx-eabi-gcc -Wall -O0 -g3 -I/home/ga46sam/zync_work/Performances/opencv_install -I"/nfs/TUEIEDAprojects/SystemDesign/work/ipxact/benjamin-bordes/DSE/2IP_GR_ER/SDK/SDK_Workspace/software_prj/inc" -c -fmessage-length=0 -I../../standalone_bsp_0/ps7_cortexa9_0/include -MMD -MP -MF"src/main.d" -MT"src/main.d" -o "src/main.o" "../src/main.c"
../src/main.c:38:13: warning: 'Ex_config' initialized and declared 'extern' [enabled by default]
../src/main.c:41:22: warning: 'HDMI_VIEW_ADDR' initialized and declared 'extern' [enabled by default]
../src/main.c:50:28: warning: variable 'test' declared 'inline' [enabled by default]
../src/main.c: In function 'APP_ChangeResolution':
../src/main.c:162:22: error: 'XPAR_AXI_PERF_MON_0_BASEADDR' undeclared (first use in this function)
../src/main.c:162:22: note: each undeclared identifier is reported only once for each function it appears in
../src/main.c:243:27: warning: multi-character character constant [-Wmultichar]
../src/main.c:244:5: warning: implicit declaration of function 'PrintExerciserReg' [-Wimplicit-function-declaration]
../src/main.c: In function 'main':
../src/main.c:326:4: warning: implicit declaration of function 'AXI_monitor_config' [-Wimplicit-function-declaration]
../src/main.c:418:20: error: 'XPAR_AXI_PERF_MON_0_BASEADDR' undeclared (first use in this function)
../src/main.c:325:5: warning: unused variable 'i' [-Wunused-variable]
make: *** [src/main.o] Error 1
09:13:33 **** Auto Build of configuration Debug for project software_prj ****
make all 
Building file: ../src/cf_hdmi.c
Invoking: ARM gcc compiler
arm-xilinx-eabi-gcc -Wall -O0 -g3 -I/home/ga46sam/zync_work/Performances/opencv_install -I"/nfs/TUEIEDAprojects/SystemDesign/work/ipxact/benjamin-bordes/DSE/2IP_GR_ER/SDK/SDK_Workspace/software_prj/inc" -c -fmessage-length=0 -I../../standalone_bsp_0/ps7_cortexa9_0/include -MMD -MP -MF"src/cf_hdmi.d" -MT"src/cf_hdmi.d" -o "src/cf_hdmi.o" "../src/cf_hdmi.c"
Finished building: ../src/cf_hdmi.c
 
Building file: ../src/main.c
Invoking: ARM gcc compiler
arm-xilinx-eabi-gcc -Wall -O0 -g3 -I/home/ga46sam/zync_work/Performances/opencv_install -I"/nfs/TUEIEDAprojects/SystemDesign/work/ipxact/benjamin-bordes/DSE/2IP_GR_ER/SDK/SDK_Workspace/software_prj/inc" -c -fmessage-length=0 -I../../standalone_bsp_0/ps7_cortexa9_0/include -MMD -MP -MF"src/main.d" -MT"src/main.d" -o "src/main.o" "../src/main.c"
../src/main.c:38:13: warning: 'Ex_config' initialized and declared 'extern' [enabled by default]
../src/main.c:41:22: warning: 'HDMI_VIEW_ADDR' initialized and declared 'extern' [enabled by default]
../src/main.c:50:28: warning: variable 'test' declared 'inline' [enabled by default]
../src/main.c: In function 'APP_ChangeResolution':
../src/main.c:162:22: error: 'XPAR_AXI_PERF_MON_0_BASEADDR' undeclared (first use in this function)
../src/main.c:162:22: note: each undeclared identifier is reported only once for each function it appears in
../src/main.c:247:27: warning: multi-character character constant [-Wmultichar]
../src/main.c:248:5: warning: implicit declaration of function 'PrintExerciserReg' [-Wimplicit-function-declaration]
../src/main.c: In function 'main':
../src/main.c:331:4: warning: implicit declaration of function 'AXI_monitor_config' [-Wimplicit-function-declaration]
../src/main.c:425:20: error: 'XPAR_AXI_PERF_MON_0_BASEADDR' undeclared (first use in this function)
../src/main.c:329:5: warning: unused variable 'i' [-Wunused-variable]
../src/main.c: At top level:
../src/main.c:50:28: warning: 'test' defined but not used [-Wunused-variable]
make: *** [src/main.o] Error 1
09:15:04 **** Auto Build of configuration Debug for project software_prj ****
make all 
Building file: ../src/main.c
Invoking: ARM gcc compiler
arm-xilinx-eabi-gcc -Wall -O0 -g3 -I/home/ga46sam/zync_work/Performances/opencv_install -I"/nfs/TUEIEDAprojects/SystemDesign/work/ipxact/benjamin-bordes/DSE/2IP_GR_ER/SDK/SDK_Workspace/software_prj/inc" -c -fmessage-length=0 -I../../standalone_bsp_0/ps7_cortexa9_0/include -MMD -MP -MF"src/main.d" -MT"src/main.d" -o "src/main.o" "../src/main.c"
../src/main.c:10:23: fatal error: xil_cache.h: No such file or directory
compilation terminated.
make: *** [src/main.o] Error 1
09:15:57 **** Build of project standalone_bsp_0 ****
make -k all 
libgen -hw ../2IP_GR_ER_hw_platform/system.xml\
	       \
	       -pe ps7_cortexa9_0 \
	       -log libgen.log \
	       system.mss
libgen
Xilinx EDK 14.7 Build EDK_P.20131013
Copyright (c) 1995-2012 Xilinx, Inc.  All rights reserved.

Command Line: libgen -hw ../2IP_GR_ER_hw_platform/system.xml -pe ps7_cortexa9_0
-log libgen.log system.mss 


Staging source files.
Running DRCs.
Running generate.
Running post_generate.
Running include - 'gmake -s include "COMPILER=arm-xilinx-eabi-gcc"
"ARCHIVER=arm-xilinx-eabi-ar" "COMPILER_FLAGS= -O2 -c"
"EXTRA_COMPILER_FLAGS=-g"'.

Running libs - 'gmake -s libs "COMPILER=arm-xilinx-eabi-gcc"
"ARCHIVER=arm-xilinx-eabi-ar" "COMPILER_FLAGS= -O2 -c"
"EXTRA_COMPILER_FLAGS=-g"'.
Compiling common
arm-xilinx-eabi-ar: creating ../../../lib/libxil.a
Compiling standalone
Compiling axidma
Compiling iic
Compiling axipmon
Compiling axivdma
Compiling devcfg
Compiling dmaps
Compiling emacps
Compiling gpiops
Compiling iicps
Compiling qspips
Compiling scugic
Compiling scutimer
Compiling scuwdt
Compiling ttcps
Compiling uartps
Compiling usbps
Compiling xadcps
Compiling cpu_cortexa9
Running execs_generate.
Finished building libraries
09:16:35 **** Auto Build of configuration Debug for project software_prj ****
make all 
Building file: ../src/main.c
Invoking: ARM gcc compiler
arm-xilinx-eabi-gcc -Wall -O0 -g3 -I/home/ga46sam/zync_work/Performances/opencv_install -I"/nfs/TUEIEDAprojects/SystemDesign/work/ipxact/benjamin-bordes/DSE/2IP_GR_ER/SDK/SDK_Workspace/software_prj/inc" -c -fmessage-length=0 -I../../standalone_bsp_0/ps7_cortexa9_0/include -MMD -MP -MF"src/main.d" -MT"src/main.d" -o "src/main.o" "../src/main.c"
../src/main.c:38:13: warning: 'Ex_config' initialized and declared 'extern' [enabled by default]
../src/main.c:41:22: warning: 'HDMI_VIEW_ADDR' initialized and declared 'extern' [enabled by default]
../src/main.c:50:28: warning: variable 'test' declared 'inline' [enabled by default]
../src/main.c: In function 'APP_ChangeResolution':
../src/main.c:182:23: error: 'XPAR_AXI_VDMA_4_BASEADDR' undeclared (first use in this function)
../src/main.c:182:23: note: each undeclared identifier is reported only once for each function it appears in
../src/main.c:247:27: warning: multi-character character constant [-Wmultichar]
../src/main.c:248:5: warning: implicit declaration of function 'PrintExerciserReg' [-Wimplicit-function-declaration]
../src/main.c: In function 'main':
../src/main.c:331:4: warning: implicit declaration of function 'AXI_monitor_config' [-Wimplicit-function-declaration]
../src/main.c:329:5: warning: unused variable 'i' [-Wunused-variable]
../src/main.c: At top level:
../src/main.c:50:28: warning: 'test' defined but not used [-Wunused-variable]
make: *** [src/main.o] Error 1
09:17:11 **** Auto Build of configuration Debug for project software_prj ****
make all 
Building file: ../src/main.c
Invoking: ARM gcc compiler
arm-xilinx-eabi-gcc -Wall -O0 -g3 -I/home/ga46sam/zync_work/Performances/opencv_install -I"/nfs/TUEIEDAprojects/SystemDesign/work/ipxact/benjamin-bordes/DSE/2IP_GR_ER/SDK/SDK_Workspace/software_prj/inc" -c -fmessage-length=0 -I../../standalone_bsp_0/ps7_cortexa9_0/include -MMD -MP -MF"src/main.d" -MT"src/main.d" -o "src/main.o" "../src/main.c"
../src/main.c:38:13: warning: 'Ex_config' initialized and declared 'extern' [enabled by default]
../src/main.c:41:22: warning: 'HDMI_VIEW_ADDR' initialized and declared 'extern' [enabled by default]
../src/main.c:50:28: warning: variable 'test' declared 'inline' [enabled by default]
../src/main.c: In function 'APP_ChangeResolution':
../src/main.c:247:27: warning: multi-character character constant [-Wmultichar]
../src/main.c:248:5: warning: implicit declaration of function 'PrintExerciserReg' [-Wimplicit-function-declaration]
../src/main.c: In function 'main':
../src/main.c:331:4: warning: implicit declaration of function 'AXI_monitor_config' [-Wimplicit-function-declaration]
../src/main.c:329:5: warning: unused variable 'i' [-Wunused-variable]
../src/main.c: At top level:
../src/main.c:50:28: warning: 'test' defined but not used [-Wunused-variable]
Finished building: ../src/main.c
 
Building file: ../src/AXI_Exerciser.c
Invoking: ARM gcc compiler
arm-xilinx-eabi-gcc -Wall -O0 -g3 -I/home/ga46sam/zync_work/Performances/opencv_install -I"/nfs/TUEIEDAprojects/SystemDesign/work/ipxact/benjamin-bordes/DSE/2IP_GR_ER/SDK/SDK_Workspace/software_prj/inc" -c -fmessage-length=0 -I../../standalone_bsp_0/ps7_cortexa9_0/include -MMD -MP -MF"src/AXI_Exerciser.d" -MT"src/AXI_Exerciser.d" -o "src/AXI_Exerciser.o" "../src/AXI_Exerciser.c"
../src/AXI_Exerciser.c: In function 'AXI_Exerciser_clear':
../src/AXI_Exerciser.c:128:6: warning: implicit declaration of function 'Xil_In32' [-Wimplicit-function-declaration]
../src/AXI_Exerciser.c: In function 'mem_clean':
../src/AXI_Exerciser.c:164:3: warning: implicit declaration of function 'Xil_Out32' [-Wimplicit-function-declaration]
Finished building: ../src/AXI_Exerciser.c
 
Building file: ../src/AXI_monitor.c
Invoking: ARM gcc compiler
arm-xilinx-eabi-gcc -Wall -O0 -g3 -I/home/ga46sam/zync_work/Performances/opencv_install -I"/nfs/TUEIEDAprojects/SystemDesign/work/ipxact/benjamin-bordes/DSE/2IP_GR_ER/SDK/SDK_Workspace/software_prj/inc" -c -fmessage-length=0 -I../../standalone_bsp_0/ps7_cortexa9_0/include -MMD -MP -MF"src/AXI_monitor.d" -MT"src/AXI_monitor.d" -o "src/AXI_monitor.o" "../src/AXI_monitor.c"
../src/AXI_monitor.c: In function 'AXI_monitor_config':
../src/AXI_monitor.c:10:1: warning: implicit declaration of function 'printf' [-Wimplicit-function-declaration]
../src/AXI_monitor.c:10:1: warning: incompatible implicit declaration of built-in function 'printf' [enabled by default]
../src/AXI_monitor.c:11:1: warning: implicit declaration of function 'Xil_Out32' [-Wimplicit-function-declaration]
../src/AXI_monitor.c: In function 'AXI_monitor_result':
../src/AXI_monitor.c:47:3: warning: incompatible implicit declaration of built-in function 'printf' [enabled by default]
../src/AXI_monitor.c:48:3: warning: implicit declaration of function 'Xil_In32' [-Wimplicit-function-declaration]
../src/AXI_monitor.c:64:1: warning: implicit declaration of function 'xil_printf' [-Wimplicit-function-declaration]
Finished building: ../src/AXI_monitor.c
 
Building file: ../src/hw_config.c
Invoking: ARM gcc compiler
arm-xilinx-eabi-gcc -Wall -O0 -g3 -I/home/ga46sam/zync_work/Performances/opencv_install -I"/nfs/TUEIEDAprojects/SystemDesign/work/ipxact/benjamin-bordes/DSE/2IP_GR_ER/SDK/SDK_Workspace/software_prj/inc" -c -fmessage-length=0 -I../../standalone_bsp_0/ps7_cortexa9_0/include -MMD -MP -MF"src/hw_config.d" -MT"src/hw_config.d" -o "src/hw_config.o" "../src/hw_config.c"
Finished building: ../src/hw_config.c
 
Building file: ../src/sw_functions.c
Invoking: ARM gcc compiler
arm-xilinx-eabi-gcc -Wall -O0 -g3 -I/home/ga46sam/zync_work/Performances/opencv_install -I"/nfs/TUEIEDAprojects/SystemDesign/work/ipxact/benjamin-bordes/DSE/2IP_GR_ER/SDK/SDK_Workspace/software_prj/inc" -c -fmessage-length=0 -I../../standalone_bsp_0/ps7_cortexa9_0/include -MMD -MP -MF"src/sw_functions.d" -MT"src/sw_functions.d" -o "src/sw_functions.o" "../src/sw_functions.c"
../src/sw_functions.c: In function 'ConvToGray':
../src/sw_functions.c:28:16: warning: unused variable 'VH_offset' [-Wunused-variable]
Finished building: ../src/sw_functions.c
 
Building file: ../inc/xgray_scale.c
Invoking: ARM gcc compiler
arm-xilinx-eabi-gcc -Wall -O0 -g3 -I/home/ga46sam/zync_work/Performances/opencv_install -I"/nfs/TUEIEDAprojects/SystemDesign/work/ipxact/benjamin-bordes/DSE/2IP_GR_ER/SDK/SDK_Workspace/software_prj/inc" -c -fmessage-length=0 -I../../standalone_bsp_0/ps7_cortexa9_0/include -MMD -MP -MF"inc/xgray_scale.d" -MT"inc/xgray_scale.d" -o "inc/xgray_scale.o" "../inc/xgray_scale.c"
Finished building: ../inc/xgray_scale.c
 
Building target: software_prj.elf
Invoking: ARM gcc linker
arm-xilinx-eabi-gcc -L"/nfs/TUEIEDAprojects/SystemDesign/work/ipxact/benjamin-bordes/DSE/2IP_GR_ER/SDK/SDK_Workspace/software_prj/lib" -L"/nfs/TUEIEDAprojects/SystemDesign/work/ipxact/benjamin-bordes/DSE/2IP_GR_ER/SDK/SDK_Workspace/standalone_bsp_0/ps7_cortexa9_0/lib" -Wl,-T -Wl,../src/lscript.ld -L../../standalone_bsp_0/ps7_cortexa9_0/lib -o "software_prj.elf"  ./src/AXI_Exerciser.o ./src/AXI_monitor.o ./src/axi_interrupt.o ./src/cf_hdmi.o ./src/hw_config.o ./src/img_filters.o ./src/main.o ./src/sw_functions.o ./src/transmitter.o  ./inc/xgray_scale.o ./inc/ximage_filter.o ./inc/xsobel_filter.o   -lHDMI_ZedBoardLib -Wl,--start-group,-lxil,-lgcc,-lc,--end-group
./src/transmitter.o: In function `ADIAPI_TransmitterMain':
/home/ga46sam/Lab_Zynq/FROM_server/Project1_Optimized/SDK/SDK_Workspace/software_prj/Debug/../src/transmitter.c:337: undefined reference to `AudioClick'
collect2: error: ld returned 1 exit status
make: *** [software_prj.elf] Error 1
09:17:30 **** Clean-only build of configuration Debug for project software_prj ****
make clean 
rm -rf  ./src/AXI_Exerciser.o ./src/AXI_monitor.o ./src/axi_interrupt.o ./src/cf_hdmi.o ./src/hw_config.o ./src/img_filters.o ./src/main.o ./src/sw_functions.o ./src/transmitter.o  ./inc/xgray_scale.o ./inc/ximage_filter.o ./inc/xsobel_filter.o  ./src/AXI_Exerciser.d ./src/AXI_monitor.d ./src/axi_interrupt.d ./src/cf_hdmi.d ./src/hw_config.d ./src/img_filters.d ./src/main.d ./src/sw_functions.d ./src/transmitter.d  ./inc/xgray_scale.d ./inc/ximage_filter.d ./inc/xsobel_filter.d  software_prj.elf.size  software_prj.elf
 
09:17:30 **** Clean-only build of project standalone_bsp_0 ****
make -k clean 
rm -rf ps7_cortexa9_0
09:17:31 **** Build of project standalone_bsp_0 ****
make -k all 
libgen -hw ../2IP_GR_ER_hw_platform/system.xml\
	       \
	       -pe ps7_cortexa9_0 \
	       -log libgen.log \
	       system.mss
libgen
Xilinx EDK 14.7 Build EDK_P.20131013
Copyright (c) 1995-2012 Xilinx, Inc.  All rights reserved.

Command Line: libgen -hw ../2IP_GR_ER_hw_platform/system.xml -pe ps7_cortexa9_0
-log libgen.log system.mss 


Staging source files.
Running DRCs.
Running generate.
Running post_generate.
Running include - 'gmake -s include "COMPILER=arm-xilinx-eabi-gcc"
"ARCHIVER=arm-xilinx-eabi-ar" "COMPILER_FLAGS= -O2 -c"
"EXTRA_COMPILER_FLAGS=-g"'.

Running libs - 'gmake -s libs "COMPILER=arm-xilinx-eabi-gcc"
"ARCHIVER=arm-xilinx-eabi-ar" "COMPILER_FLAGS= -O2 -c"
"EXTRA_COMPILER_FLAGS=-g"'.
Compiling common
arm-xilinx-eabi-ar: creating ../../../lib/libxil.a
Compiling standalone
Compiling axidma
Compiling iic
Compiling axipmon
Compiling axivdma
Compiling devcfg
Compiling dmaps
Compiling emacps
Compiling gpiops
Compiling iicps
Compiling qspips
Compiling scugic
Compiling scutimer
Compiling scuwdt
Compiling ttcps
Compiling uartps
Compiling usbps
Compiling xadcps
Compiling cpu_cortexa9
Running execs_generate.
Finished building libraries
09:18:02 **** Build of configuration Debug for project software_prj ****
make all 
Building file: ../src/AXI_Exerciser.c
Invoking: ARM gcc compiler
arm-xilinx-eabi-gcc -Wall -O0 -g3 -I/home/ga46sam/zync_work/Performances/opencv_install -I"/nfs/TUEIEDAprojects/SystemDesign/work/ipxact/benjamin-bordes/DSE/2IP_GR_ER/SDK/SDK_Workspace/software_prj/inc" -c -fmessage-length=0 -I../../standalone_bsp_0/ps7_cortexa9_0/include -MMD -MP -MF"src/AXI_Exerciser.d" -MT"src/AXI_Exerciser.d" -o "src/AXI_Exerciser.o" "../src/AXI_Exerciser.c"
../src/AXI_Exerciser.c: In function 'AXI_Exerciser_clear':
../src/AXI_Exerciser.c:128:6: warning: implicit declaration of function 'Xil_In32' [-Wimplicit-function-declaration]
../src/AXI_Exerciser.c: In function 'mem_clean':
../src/AXI_Exerciser.c:164:3: warning: implicit declaration of function 'Xil_Out32' [-Wimplicit-function-declaration]
Finished building: ../src/AXI_Exerciser.c
 
Building file: ../src/AXI_monitor.c
Invoking: ARM gcc compiler
arm-xilinx-eabi-gcc -Wall -O0 -g3 -I/home/ga46sam/zync_work/Performances/opencv_install -I"/nfs/TUEIEDAprojects/SystemDesign/work/ipxact/benjamin-bordes/DSE/2IP_GR_ER/SDK/SDK_Workspace/software_prj/inc" -c -fmessage-length=0 -I../../standalone_bsp_0/ps7_cortexa9_0/include -MMD -MP -MF"src/AXI_monitor.d" -MT"src/AXI_monitor.d" -o "src/AXI_monitor.o" "../src/AXI_monitor.c"
../src/AXI_monitor.c: In function 'AXI_monitor_config':
Finished building: ../src/AXI_monitor.c
../src/AXI_monitor.c:10:1: warning: implicit declaration of function 'printf' [-Wimplicit-function-declaration]
 
../src/AXI_monitor.c:10:1: warning: incompatible implicit declaration of built-in function 'printf' [enabled by default]
Building file: ../src/axi_interrupt.c
../src/AXI_monitor.c:11:1: warning: implicit declaration of function 'Xil_Out32' [-Wimplicit-function-declaration]
../src/AXI_monitor.c: In function 'AXI_monitor_result':
Invoking: ARM gcc compiler
../src/AXI_monitor.c:47:3: warning: incompatible implicit declaration of built-in function 'printf' [enabled by default]
../src/AXI_monitor.c:48:3: warning: implicit declaration of function 'Xil_In32' [-Wimplicit-function-declaration]
../src/AXI_monitor.c:64:1: warning: implicit declaration of function 'xil_printf' [-Wimplicit-function-declaration]
arm-xilinx-eabi-gcc -Wall -O0 -g3 -I/home/ga46sam/zync_work/Performances/opencv_install -I"/nfs/TUEIEDAprojects/SystemDesign/work/ipxact/benjamin-bordes/DSE/2IP_GR_ER/SDK/SDK_Workspace/software_prj/inc" -c -fmessage-length=0 -I../../standalone_bsp_0/ps7_cortexa9_0/include -MMD -MP -MF"src/axi_interrupt.d" -MT"src/axi_interrupt.d" -o "src/axi_interrupt.o" "../src/axi_interrupt.c"
Finished building: ../src/axi_interrupt.c
 
Building file: ../src/cf_hdmi.c
Invoking: ARM gcc compiler
arm-xilinx-eabi-gcc -Wall -O0 -g3 -I/home/ga46sam/zync_work/Performances/opencv_install -I"/nfs/TUEIEDAprojects/SystemDesign/work/ipxact/benjamin-bordes/DSE/2IP_GR_ER/SDK/SDK_Workspace/software_prj/inc" -c -fmessage-length=0 -I../../standalone_bsp_0/ps7_cortexa9_0/include -MMD -MP -MF"src/cf_hdmi.d" -MT"src/cf_hdmi.d" -o "src/cf_hdmi.o" "../src/cf_hdmi.c"
Finished building: ../src/cf_hdmi.c
 
Building file: ../src/hw_config.c
Invoking: ARM gcc compiler
arm-xilinx-eabi-gcc -Wall -O0 -g3 -I/home/ga46sam/zync_work/Performances/opencv_install -I"/nfs/TUEIEDAprojects/SystemDesign/work/ipxact/benjamin-bordes/DSE/2IP_GR_ER/SDK/SDK_Workspace/software_prj/inc" -c -fmessage-length=0 -I../../standalone_bsp_0/ps7_cortexa9_0/include -MMD -MP -MF"src/hw_config.d" -MT"src/hw_config.d" -o "src/hw_config.o" "../src/hw_config.c"
Finished building: ../src/hw_config.c
 
Building file: ../src/img_filters.c
Invoking: ARM gcc compiler
arm-xilinx-eabi-gcc -Wall -O0 -g3 -I/home/ga46sam/zync_work/Performances/opencv_install -I"/nfs/TUEIEDAprojects/SystemDesign/work/ipxact/benjamin-bordes/DSE/2IP_GR_ER/SDK/SDK_Workspace/software_prj/inc" -c -fmessage-length=0 -I../../standalone_bsp_0/ps7_cortexa9_0/include -MMD -MP -MF"src/img_filters.d" -MT"src/img_filters.d" -o "src/img_filters.o" "../src/img_filters.c"
Finished building: ../src/img_filters.c
 
Building file: ../src/main.c
Invoking: ARM gcc compiler
arm-xilinx-eabi-gcc -Wall -O0 -g3 -I/home/ga46sam/zync_work/Performances/opencv_install -I"/nfs/TUEIEDAprojects/SystemDesign/work/ipxact/benjamin-bordes/DSE/2IP_GR_ER/SDK/SDK_Workspace/software_prj/inc" -c -fmessage-length=0 -I../../standalone_bsp_0/ps7_cortexa9_0/include -MMD -MP -MF"src/main.d" -MT"src/main.d" -o "src/main.o" "../src/main.c"
../src/main.c:38:13: warning: 'Ex_config' initialized and declared 'extern' [enabled by default]
../src/main.c:41:22: warning: 'HDMI_VIEW_ADDR' initialized and declared 'extern' [enabled by default]
../src/main.c:50:28: warning: variable 'test' declared 'inline' [enabled by default]
../src/main.c: In function 'APP_ChangeResolution':
../src/main.c:250:27: warning: multi-character character constant [-Wmultichar]
../src/main.c:251:5: warning: implicit declaration of function 'PrintExerciserReg' [-Wimplicit-function-declaration]
../src/main.c: In function 'main':
../src/main.c:334:4: warning: implicit declaration of function 'AXI_monitor_config' [-Wimplicit-function-declaration]
../src/main.c:332:5: warning: unused variable 'i' [-Wunused-variable]
../src/main.c: At top level:
../src/main.c:50:28: warning: 'test' defined but not used [-Wunused-variable]
Finished building: ../src/main.c
 
Building file: ../src/sw_functions.c
Invoking: ARM gcc compiler
arm-xilinx-eabi-gcc -Wall -O0 -g3 -I/home/ga46sam/zync_work/Performances/opencv_install -I"/nfs/TUEIEDAprojects/SystemDesign/work/ipxact/benjamin-bordes/DSE/2IP_GR_ER/SDK/SDK_Workspace/software_prj/inc" -c -fmessage-length=0 -I../../standalone_bsp_0/ps7_cortexa9_0/include -MMD -MP -MF"src/sw_functions.d" -MT"src/sw_functions.d" -o "src/sw_functions.o" "../src/sw_functions.c"
../src/sw_functions.c: In function 'ConvToGray':
../src/sw_functions.c:28:16: warning: unused variable 'VH_offset' [-Wunused-variable]
Finished building: ../src/sw_functions.c
 
Building file: ../src/transmitter.c
Invoking: ARM gcc compiler
arm-xilinx-eabi-gcc -Wall -O0 -g3 -I/home/ga46sam/zync_work/Performances/opencv_install -I"/nfs/TUEIEDAprojects/SystemDesign/work/ipxact/benjamin-bordes/DSE/2IP_GR_ER/SDK/SDK_Workspace/software_prj/inc" -c -fmessage-length=0 -I../../standalone_bsp_0/ps7_cortexa9_0/include -MMD -MP -MF"src/transmitter.d" -MT"src/transmitter.d" -o "src/transmitter.o" "../src/transmitter.c"
Finished building: ../src/transmitter.c
 
Building file: ../inc/xgray_scale.c
Invoking: ARM gcc compiler
arm-xilinx-eabi-gcc -Wall -O0 -g3 -I/home/ga46sam/zync_work/Performances/opencv_install -I"/nfs/TUEIEDAprojects/SystemDesign/work/ipxact/benjamin-bordes/DSE/2IP_GR_ER/SDK/SDK_Workspace/software_prj/inc" -c -fmessage-length=0 -I../../standalone_bsp_0/ps7_cortexa9_0/include -MMD -MP -MF"inc/xgray_scale.d" -MT"inc/xgray_scale.d" -o "inc/xgray_scale.o" "../inc/xgray_scale.c"
Finished building: ../inc/xgray_scale.c
 
Building file: ../inc/ximage_filter.c
Invoking: ARM gcc compiler
arm-xilinx-eabi-gcc -Wall -O0 -g3 -I/home/ga46sam/zync_work/Performances/opencv_install -I"/nfs/TUEIEDAprojects/SystemDesign/work/ipxact/benjamin-bordes/DSE/2IP_GR_ER/SDK/SDK_Workspace/software_prj/inc" -c -fmessage-length=0 -I../../standalone_bsp_0/ps7_cortexa9_0/include -MMD -MP -MF"inc/ximage_filter.d" -MT"inc/ximage_filter.d" -o "inc/ximage_filter.o" "../inc/ximage_filter.c"
Finished building: ../inc/ximage_filter.c
 
Building file: ../inc/xsobel_filter.c
Invoking: ARM gcc compiler
arm-xilinx-eabi-gcc -Wall -O0 -g3 -I/home/ga46sam/zync_work/Performances/opencv_install -I"/nfs/TUEIEDAprojects/SystemDesign/work/ipxact/benjamin-bordes/DSE/2IP_GR_ER/SDK/SDK_Workspace/software_prj/inc" -c -fmessage-length=0 -I../../standalone_bsp_0/ps7_cortexa9_0/include -MMD -MP -MF"inc/xsobel_filter.d" -MT"inc/xsobel_filter.d" -o "inc/xsobel_filter.o" "../inc/xsobel_filter.c"
Finished building: ../inc/xsobel_filter.c
 
Building target: software_prj.elf
Invoking: ARM gcc linker
arm-xilinx-eabi-gcc -L"/nfs/TUEIEDAprojects/SystemDesign/work/ipxact/benjamin-bordes/DSE/2IP_GR_ER/SDK/SDK_Workspace/software_prj/lib" -L"/nfs/TUEIEDAprojects/SystemDesign/work/ipxact/benjamin-bordes/DSE/2IP_GR_ER/SDK/SDK_Workspace/standalone_bsp_0/ps7_cortexa9_0/lib" -Wl,-T -Wl,../src/lscript.ld -L../../standalone_bsp_0/ps7_cortexa9_0/lib -o "software_prj.elf"  ./src/AXI_Exerciser.o ./src/AXI_monitor.o ./src/axi_interrupt.o ./src/cf_hdmi.o ./src/hw_config.o ./src/img_filters.o ./src/main.o ./src/sw_functions.o ./src/transmitter.o  ./inc/xgray_scale.o ./inc/ximage_filter.o ./inc/xsobel_filter.o   -lHDMI_ZedBoardLib -Wl,--start-group,-lxil,-lgcc,-lc,--end-group
Finished building target: software_prj.elf
 
Invoking: ARM Print Size
arm-xilinx-eabi-size software_prj.elf  |tee "software_prj.elf.size"
   text	   data	    bss	    dec	    hex	filename
 154872	   3072	  34508	 192452	  2efc4	software_prj.elf
Finished building: software_prj.elf.size
 
09:18:18 **** Auto Build of configuration Debug for project software_prj ****
make all 
Building file: ../src/main.c
Invoking: ARM gcc compiler
arm-xilinx-eabi-gcc -Wall -O0 -g3 -I/home/ga46sam/zync_work/Performances/opencv_install -I"/nfs/TUEIEDAprojects/SystemDesign/work/ipxact/benjamin-bordes/DSE/2IP_GR_ER/SDK/SDK_Workspace/software_prj/inc" -c -fmessage-length=0 -I../../standalone_bsp_0/ps7_cortexa9_0/include -MMD -MP -MF"src/main.d" -MT"src/main.d" -o "src/main.o" "../src/main.c"
../src/main.c:38:13: warning: 'Ex_config' initialized and declared 'extern' [enabled by default]
../src/main.c:41:22: warning: 'HDMI_VIEW_ADDR' initialized and declared 'extern' [enabled by default]
../src/main.c:50:28: warning: variable 'test' declared 'inline' [enabled by default]
../src/main.c: In function 'APP_ChangeResolution':
../src/main.c:254:27: warning: multi-character character constant [-Wmultichar]
../src/main.c:255:5: warning: implicit declaration of function 'PrintExerciserReg' [-Wimplicit-function-declaration]
../src/main.c: In function 'main':
../src/main.c:338:4: warning: implicit declaration of function 'AXI_monitor_config' [-Wimplicit-function-declaration]
../src/main.c:336:5: warning: unused variable 'i' [-Wunused-variable]
../src/main.c: At top level:
../src/main.c:50:28: warning: 'test' defined but not used [-Wunused-variable]
Finished building: ../src/main.c
 
Building target: software_prj.elf
Invoking: ARM gcc linker
arm-xilinx-eabi-gcc -L"/nfs/TUEIEDAprojects/SystemDesign/work/ipxact/benjamin-bordes/DSE/2IP_GR_ER/SDK/SDK_Workspace/software_prj/lib" -L"/nfs/TUEIEDAprojects/SystemDesign/work/ipxact/benjamin-bordes/DSE/2IP_GR_ER/SDK/SDK_Workspace/standalone_bsp_0/ps7_cortexa9_0/lib" -Wl,-T -Wl,../src/lscript.ld -L../../standalone_bsp_0/ps7_cortexa9_0/lib -o "software_prj.elf"  ./src/AXI_Exerciser.o ./src/AXI_monitor.o ./src/axi_interrupt.o ./src/cf_hdmi.o ./src/hw_config.o ./src/img_filters.o ./src/main.o ./src/sw_functions.o ./src/transmitter.o  ./inc/xgray_scale.o ./inc/ximage_filter.o ./inc/xsobel_filter.o   -lHDMI_ZedBoardLib -Wl,--start-group,-lxil,-lgcc,-lc,--end-group
Finished building target: software_prj.elf
 
Invoking: ARM Print Size
arm-xilinx-eabi-size software_prj.elf  |tee "software_prj.elf.size"
   text	   data	    bss	    dec	    hex	filename
 154872	   3072	  34508	 192452	  2efc4	software_prj.elf
Finished building: software_prj.elf.size
 
09:18:34 **** Incremental Build of configuration Debug for project software_prj ****
make all 
make: Nothing to be done for `all'.
09:19:05 **** Incremental Build of configuration Debug for project software_prj ****
make all 
make: Nothing to be done for `all'.
10:07:09 **** Auto Build of project standalone_bsp_0 ****
make -k all 
Finished building libraries
10:07:33 **** Auto Build of configuration Debug for project software_prj ****
make all 
make: Nothing to be done for `all'.
10:08:42 **** Build of project standalone_bsp_0 ****
make -k all 
libgen -hw ../2IP_GR_ER_hw_platform/system.xml\
	       \
	       -pe ps7_cortexa9_0 \
	       -log libgen.log \
	       system.mss
libgen
Xilinx EDK 14.7 Build EDK_P.20131013
Copyright (c) 1995-2012 Xilinx, Inc.  All rights reserved.

Command Line: libgen -hw ../2IP_GR_ER_hw_platform/system.xml -pe ps7_cortexa9_0
-log libgen.log system.mss 


Staging source files.
Running DRCs.
Running generate.
Running post_generate.
Running include - 'gmake -s include "COMPILER=arm-xilinx-eabi-gcc"
"ARCHIVER=arm-xilinx-eabi-ar" "COMPILER_FLAGS= -O2 -c"
"EXTRA_COMPILER_FLAGS=-g"'.

Running libs - 'gmake -s libs "COMPILER=arm-xilinx-eabi-gcc"
"ARCHIVER=arm-xilinx-eabi-ar" "COMPILER_FLAGS= -O2 -c"
"EXTRA_COMPILER_FLAGS=-g"'.
Compiling common
arm-xilinx-eabi-ar: creating ../../../lib/libxil.a
Compiling standalone
Compiling axidma
Compiling iic
Compiling axipmon
Compiling axivdma
Compiling devcfg
Compiling dmaps
Compiling emacps
Compiling gpiops
Compiling iicps
Compiling qspips
Compiling scugic
Compiling scutimer
Compiling scuwdt
Compiling ttcps
Compiling uartps
Compiling usbps
Compiling xadcps
Compiling cpu_cortexa9
Running execs_generate.
Finished building libraries
10:09:41 **** Auto Build of configuration Debug for project software_prj ****
make all 
make: Nothing to be done for `all'.
10:11:12 **** Incremental Build of configuration Debug for project software_prj ****
make all 
make: Nothing to be done for `all'.
10:58:16 **** Auto Build of configuration Debug for project software_prj ****
make all 
Building file: ../src/main.c
Invoking: ARM gcc compiler
arm-xilinx-eabi-gcc -Wall -O0 -g3 -I/home/ga46sam/zync_work/Performances/opencv_install -I"/nfs/TUEIEDAprojects/SystemDesign/work/ipxact/benjamin-bordes/DSE/2IP_GR_ER/SDK/SDK_Workspace/software_prj/inc" -c -fmessage-length=0 -I../../standalone_bsp_0/ps7_cortexa9_0/include -MMD -MP -MF"src/main.d" -MT"src/main.d" -o "src/main.o" "../src/main.c"
../src/main.c:10:23: fatal error: xil_cache.h: No such file or directory
compilation terminated.
make: *** [src/main.o] Error 1
10:58:46 **** Build of project standalone_bsp_0 ****
make -k all 
libgen -hw ../2IP_GR_ER_hw_platform/system.xml\
	       \
	       -pe ps7_cortexa9_0 \
	       -log libgen.log \
	       system.mss
libgen
Xilinx EDK 14.7 Build EDK_P.20131013
Copyright (c) 1995-2012 Xilinx, Inc.  All rights reserved.

Command Line: libgen -hw ../2IP_GR_ER_hw_platform/system.xml -pe ps7_cortexa9_0
-log libgen.log system.mss 


Staging source files.
Running DRCs.
Running generate.
Running post_generate.
Running include - 'gmake -s include "COMPILER=arm-xilinx-eabi-gcc"
"ARCHIVER=arm-xilinx-eabi-ar" "COMPILER_FLAGS= -O2 -c"
"EXTRA_COMPILER_FLAGS=-g"'.

Running libs - 'gmake -s libs "COMPILER=arm-xilinx-eabi-gcc"
"ARCHIVER=arm-xilinx-eabi-ar" "COMPILER_FLAGS= -O2 -c"
"EXTRA_COMPILER_FLAGS=-g"'.
Compiling common
arm-xilinx-eabi-ar: creating ../../../lib/libxil.a
Compiling standalone
Compiling axidma
Compiling iic
Compiling axipmon
Compiling axivdma
Compiling devcfg
Compiling dmaps
Compiling emacps
Compiling gpiops
Compiling iicps
Compiling qspips
Compiling scugic
Compiling scutimer
Compiling scuwdt
Compiling ttcps
Compiling uartps
Compiling usbps
Compiling xadcps
Compiling cpu_cortexa9
Running execs_generate.
Finished building libraries
10:59:22 **** Auto Build of configuration Debug for project software_prj ****
make all 
Building file: ../src/main.c
Invoking: ARM gcc compiler
arm-xilinx-eabi-gcc -Wall -O0 -g3 -I/home/ga46sam/zync_work/Performances/opencv_install -I"/nfs/TUEIEDAprojects/SystemDesign/work/ipxact/benjamin-bordes/DSE/2IP_GR_ER/SDK/SDK_Workspace/software_prj/inc" -c -fmessage-length=0 -I../../standalone_bsp_0/ps7_cortexa9_0/include -MMD -MP -MF"src/main.d" -MT"src/main.d" -o "src/main.o" "../src/main.c"
../src/main.c:38:13: warning: 'Ex_config' initialized and declared 'extern' [enabled by default]
../src/main.c:41:22: warning: 'HDMI_VIEW_ADDR' initialized and declared 'extern' [enabled by default]
../src/main.c:50:28: warning: variable 'test' declared 'inline' [enabled by default]
../src/main.c: In function 'APP_ChangeResolution':
../src/main.c:254:27: warning: multi-character character constant [-Wmultichar]
../src/main.c:255:5: warning: implicit declaration of function 'PrintExerciserReg' [-Wimplicit-function-declaration]
../src/main.c: In function 'main':
../src/main.c:338:4: warning: implicit declaration of function 'AXI_monitor_config' [-Wimplicit-function-declaration]
../src/main.c:336:5: warning: unused variable 'i' [-Wunused-variable]
../src/main.c: At top level:
../src/main.c:50:28: warning: 'test' defined but not used [-Wunused-variable]
Finished building: ../src/main.c
 
Building target: software_prj.elf
Invoking: ARM gcc linker
arm-xilinx-eabi-gcc -L"/nfs/TUEIEDAprojects/SystemDesign/work/ipxact/benjamin-bordes/DSE/2IP_GR_ER/SDK/SDK_Workspace/software_prj/lib" -L"/nfs/TUEIEDAprojects/SystemDesign/work/ipxact/benjamin-bordes/DSE/2IP_GR_ER/SDK/SDK_Workspace/standalone_bsp_0/ps7_cortexa9_0/lib" -Wl,-T -Wl,../src/lscript.ld -L../../standalone_bsp_0/ps7_cortexa9_0/lib -o "software_prj.elf"  ./src/AXI_Exerciser.o ./src/AXI_monitor.o ./src/axi_interrupt.o ./src/cf_hdmi.o ./src/hw_config.o ./src/img_filters.o ./src/main.o ./src/sw_functions.o ./src/transmitter.o  ./inc/xgray_scale.o ./inc/ximage_filter.o ./inc/xsobel_filter.o   -lHDMI_ZedBoardLib -Wl,--start-group,-lxil,-lgcc,-lc,--end-group
Finished building target: software_prj.elf
 
Invoking: ARM Print Size
arm-xilinx-eabi-size software_prj.elf  |tee "software_prj.elf.size"
   text	   data	    bss	    dec	    hex	filename
 154880	   3072	  34508	 192460	  2efcc	software_prj.elf
Finished building: software_prj.elf.size
 
10:59:43 **** Incremental Build of configuration Debug for project software_prj ****
make all 
make: Nothing to be done for `all'.
09:29:47 **** Auto Build of project standalone_bsp_0 ****
make -k all 
Finished building libraries
09:29:55 **** Clean-only build of project standalone_bsp_0 ****
make -k clean 
rm -rf ps7_cortexa9_0
09:29:56 **** Clean-only build of configuration Debug for project software_prj ****
make clean 
rm -rf  ./src/AXI_Exerciser.o ./src/AXI_monitor.o ./src/axi_interrupt.o ./src/cf_hdmi.o ./src/hw_config.o ./src/img_filters.o ./src/main.o ./src/sw_functions.o ./src/transmitter.o  ./inc/xgray_scale.o ./inc/ximage_filter.o ./inc/xsobel_filter.o  ./src/AXI_Exerciser.d ./src/AXI_monitor.d ./src/axi_interrupt.d ./src/cf_hdmi.d ./src/hw_config.d ./src/img_filters.d ./src/main.d ./src/sw_functions.d ./src/transmitter.d  ./inc/xgray_scale.d ./inc/ximage_filter.d ./inc/xsobel_filter.d  software_prj.elf.size  software_prj.elf
 
09:29:57 **** Build of project standalone_bsp_0 ****
make -k all 
libgen -hw ../2IP_GR_ER_hw_platform/system.xml\
	       \
	       -pe ps7_cortexa9_0 \
	       -log libgen.log \
	       system.mss
libgen
Xilinx EDK 14.7 Build EDK_P.20131013
Copyright (c) 1995-2012 Xilinx, Inc.  All rights reserved.

Command Line: libgen -hw ../2IP_GR_ER_hw_platform/system.xml -pe ps7_cortexa9_0
-log libgen.log system.mss 


Staging source files.
Running DRCs.
Running generate.
Running post_generate.
Running include - 'gmake -s include "COMPILER=arm-xilinx-eabi-gcc"
"ARCHIVER=arm-xilinx-eabi-ar" "COMPILER_FLAGS= -O2 -c"
"EXTRA_COMPILER_FLAGS=-g"'.

Running libs - 'gmake -s libs "COMPILER=arm-xilinx-eabi-gcc"
"ARCHIVER=arm-xilinx-eabi-ar" "COMPILER_FLAGS= -O2 -c"
"EXTRA_COMPILER_FLAGS=-g"'.
Compiling common
arm-xilinx-eabi-ar: creating ../../../lib/libxil.a
Compiling standalone
Compiling axidma
Compiling iic
Compiling axipmon
Compiling axivdma
Compiling devcfg
Compiling dmaps
Compiling emacps
Compiling gpiops
Compiling iicps
Compiling qspips
Compiling scugic
Compiling scutimer
Compiling scuwdt
Compiling ttcps
Compiling uartps
Compiling usbps
Compiling xadcps
Compiling cpu_cortexa9
Running execs_generate.
Finished building libraries
09:30:32 **** Build of configuration Debug for project software_prj ****
make all 
Building file: ../src/AXI_Exerciser.c
Invoking: ARM gcc compiler
arm-xilinx-eabi-gcc -Wall -O0 -g3 -I/home/ga46sam/zync_work/Performances/opencv_install -I"/nfs/TUEIEDAprojects/SystemDesign/work/ipxact/benjamin-bordes/DSE/2IP_GR_ER/SDK/SDK_Workspace/software_prj/inc" -c -fmessage-length=0 -I../../standalone_bsp_0/ps7_cortexa9_0/include -MMD -MP -MF"src/AXI_Exerciser.d" -MT"src/AXI_Exerciser.d" -o "src/AXI_Exerciser.o" "../src/AXI_Exerciser.c"
../src/AXI_Exerciser.c: In function 'AXI_Exerciser_clear':
../src/AXI_Exerciser.c:128:6: warning: implicit declaration of function 'Xil_In32' [-Wimplicit-function-declaration]
../src/AXI_Exerciser.c: In function 'mem_clean':
../src/AXI_Exerciser.c:164:3: warning: implicit declaration of function 'Xil_Out32' [-Wimplicit-function-declaration]
Finished building: ../src/AXI_Exerciser.c
 
Building file: ../src/AXI_monitor.c
Invoking: ARM gcc compiler
arm-xilinx-eabi-gcc -Wall -O0 -g3 -I/home/ga46sam/zync_work/Performances/opencv_install -I"/nfs/TUEIEDAprojects/SystemDesign/work/ipxact/benjamin-bordes/DSE/2IP_GR_ER/SDK/SDK_Workspace/software_prj/inc" -c -fmessage-length=0 -I../../standalone_bsp_0/ps7_cortexa9_0/include -MMD -MP -MF"src/AXI_monitor.d" -MT"src/AXI_monitor.d" -o "src/AXI_monitor.o" "../src/AXI_monitor.c"
../src/AXI_monitor.c: In function 'AXI_monitor_config':
../src/AXI_monitor.c:10:1: warning: implicit declaration of function 'printf' [-Wimplicit-function-declaration]
../src/AXI_monitor.c:10:1: warning: incompatible implicit declaration of built-in function 'printf' [enabled by default]
../src/AXI_monitor.c:11:1: warning: implicit declaration of function 'Xil_Out32' [-Wimplicit-function-declaration]
../src/AXI_monitor.c: In function 'AXI_monitor_result':
../src/AXI_monitor.c:47:3: warning: incompatible implicit declaration of built-in function 'printf' [enabled by default]
../src/AXI_monitor.c:48:3: warning: implicit declaration of function 'Xil_In32' [-Wimplicit-function-declaration]
../src/AXI_monitor.c:64:1: warning: implicit declaration of function 'xil_printf' [-Wimplicit-function-declaration]
Finished building: ../src/AXI_monitor.c
 
Building file: ../src/axi_interrupt.c
Invoking: ARM gcc compiler
arm-xilinx-eabi-gcc -Wall -O0 -g3 -I/home/ga46sam/zync_work/Performances/opencv_install -I"/nfs/TUEIEDAprojects/SystemDesign/work/ipxact/benjamin-bordes/DSE/2IP_GR_ER/SDK/SDK_Workspace/software_prj/inc" -c -fmessage-length=0 -I../../standalone_bsp_0/ps7_cortexa9_0/include -MMD -MP -MF"src/axi_interrupt.d" -MT"src/axi_interrupt.d" -o "src/axi_interrupt.o" "../src/axi_interrupt.c"
Finished building: ../src/axi_interrupt.c
 
Building file: ../src/cf_hdmi.c
Invoking: ARM gcc compiler
arm-xilinx-eabi-gcc -Wall -O0 -g3 -I/home/ga46sam/zync_work/Performances/opencv_install -I"/nfs/TUEIEDAprojects/SystemDesign/work/ipxact/benjamin-bordes/DSE/2IP_GR_ER/SDK/SDK_Workspace/software_prj/inc" -c -fmessage-length=0 -I../../standalone_bsp_0/ps7_cortexa9_0/include -MMD -MP -MF"src/cf_hdmi.d" -MT"src/cf_hdmi.d" -o "src/cf_hdmi.o" "../src/cf_hdmi.c"
[...]

Command Line: libgen -hw ../1IP_GR_hw_platform/system.xml -pe ps7_cortexa9_0
-log libgen.log system.mss 


Staging source files.
Running DRCs.
Running generate.
Running post_generate.
Running include - 'gmake -s include "COMPILER=arm-xilinx-eabi-gcc"
"ARCHIVER=arm-xilinx-eabi-ar" "COMPILER_FLAGS= -O2 -c"
"EXTRA_COMPILER_FLAGS=-g"'.

Running libs - 'gmake -s libs "COMPILER=arm-xilinx-eabi-gcc"
"ARCHIVER=arm-xilinx-eabi-ar" "COMPILER_FLAGS= -O2 -c"
"EXTRA_COMPILER_FLAGS=-g"'.
Compiling common
arm-xilinx-eabi-ar: creating ../../../lib/libxil.a
Compiling standalone
Compiling axidma
Compiling iic
Compiling axipmon
Compiling axivdma
Compiling devcfg
Compiling dmaps
Compiling emacps
Compiling gpiops
Compiling iicps
Compiling qspips
Compiling scugic
Compiling scutimer
Compiling scuwdt
Compiling ttcps
Compiling uartps
Compiling usbps
Compiling xadcps
Compiling cpu_cortexa9
Running execs_generate.
Finished building libraries
10:54:34 **** Auto Build of configuration Debug for project software_prj ****
make all 
Building file: ../src/AXI_Exerciser.c
Invoking: ARM gcc compiler
arm-xilinx-eabi-gcc -Wall -O0 -g3 -I/home/ga46sam/zync_work/Performances/opencv_install -I"/nfs/TUEIEDAprojects/SystemDesign/work/ipxact/benjamin-bordes/DSE/1IP/1IP_GR/SDK/SDK_Workspace/software_prj/inc" -c -fmessage-length=0 -I../../standalone_bsp_0/ps7_cortexa9_0/include -MMD -MP -MF"src/AXI_Exerciser.d" -MT"src/AXI_Exerciser.d" -o "src/AXI_Exerciser.o" "../src/AXI_Exerciser.c"
../src/AXI_Exerciser.c: In function 'AXI_Exerciser_clear':
../src/AXI_Exerciser.c:128:6: warning: implicit declaration of function 'Xil_In32' [-Wimplicit-function-declaration]
../src/AXI_Exerciser.c: In function 'mem_clean':
../src/AXI_Exerciser.c:164:3: warning: implicit declaration of function 'Xil_Out32' [-Wimplicit-function-declaration]
Finished building: ../src/AXI_Exerciser.c
 
Building file: ../src/AXI_monitor.c
Invoking: ARM gcc compiler
arm-xilinx-eabi-gcc -Wall -O0 -g3 -I/home/ga46sam/zync_work/Performances/opencv_install -I"/nfs/TUEIEDAprojects/SystemDesign/work/ipxact/benjamin-bordes/DSE/1IP/1IP_GR/SDK/SDK_Workspace/software_prj/inc" -c -fmessage-length=0 -I../../standalone_bsp_0/ps7_cortexa9_0/include -MMD -MP -MF"src/AXI_monitor.d" -MT"src/AXI_monitor.d" -o "src/AXI_monitor.o" "../src/AXI_monitor.c"
../src/AXI_monitor.c: In function 'AXI_monitor_config':
../src/AXI_monitor.c:18:1: warning: implicit declaration of function 'printf' [-Wimplicit-function-declaration]
../src/AXI_monitor.c:18:1: warning: incompatible implicit declaration of built-in function 'printf' [enabled by default]
../src/AXI_monitor.c:19:1: warning: implicit declaration of function 'Xil_Out32' [-Wimplicit-function-declaration]
../src/AXI_monitor.c: In function 'PerfResult':
../src/AXI_monitor.c:55:6: warning: incompatible implicit declaration of built-in function 'printf' [enabled by default]
../src/AXI_monitor.c:56:3: warning: implicit declaration of function 'Xil_In32' [-Wimplicit-function-declaration]
../src/AXI_monitor.c:72:1: warning: implicit declaration of function 'xil_printf' [-Wimplicit-function-declaration]
../src/AXI_monitor.c:52:5: warning: unused variable 'test' [-Wunused-variable]
../src/AXI_monitor.c: In function 'AVRGPerfResult':
../src/AXI_monitor.c:116:7: warning: incompatible implicit declaration of built-in function 'printf' [enabled by default]
../src/AXI_monitor.c:125:1: warning: control reaches end of non-void function [-Wreturn-type]
Finished building: ../src/AXI_monitor.c
 
Building file: ../src/axi_interrupt.c
Invoking: ARM gcc compiler
arm-xilinx-eabi-gcc -Wall -O0 -g3 -I/home/ga46sam/zync_work/Performances/opencv_install -I"/nfs/TUEIEDAprojects/SystemDesign/work/ipxact/benjamin-bordes/DSE/1IP/1IP_GR/SDK/SDK_Workspace/software_prj/inc" -c -fmessage-length=0 -I../../standalone_bsp_0/ps7_cortexa9_0/include -MMD -MP -MF"src/axi_interrupt.d" -MT"src/axi_interrupt.d" -o "src/axi_interrupt.o" "../src/axi_interrupt.c"
../src/axi_interrupt.c: In function 'AXI_INTERRUPT_VDMA3_MM2SIntr_Handler':
../src/axi_interrupt.c:95:2: warning: implicit declaration of function 'printf' [-Wimplicit-function-declaration]
../src/axi_interrupt.c:95:2: warning: incompatible implicit declaration of built-in function 'printf' [enabled by default]
Finished building: ../src/axi_interrupt.c
 
Building file: ../src/cf_hdmi.c
Invoking: ARM gcc compiler
arm-xilinx-eabi-gcc -Wall -O0 -g3 -I/home/ga46sam/zync_work/Performances/opencv_install -I"/nfs/TUEIEDAprojects/SystemDesign/work/ipxact/benjamin-bordes/DSE/1IP/1IP_GR/SDK/SDK_Workspace/software_prj/inc" -c -fmessage-length=0 -I../../standalone_bsp_0/ps7_cortexa9_0/include -MMD -MP -MF"src/cf_hdmi.d" -MT"src/cf_hdmi.d" -o "src/cf_hdmi.o" "../src/cf_hdmi.c"
../src/cf_hdmi.c: In function 'InitHdmiVideoPcore':
../src/cf_hdmi.c:240:13: error: 'XPAR_AXI_HDMI_TX_16B_0_BASEADDR' undeclared (first use in this function)
../src/cf_hdmi.c:240:13: note: each undeclared identifier is reported only once for each function it appears in
make: *** [src/cf_hdmi.o] Error 1
10:54:56 **** Clean-only build of configuration Debug for project software_prj ****
make clean 
rm -rf  ./src/AXI_Exerciser.o ./src/AXI_monitor.o ./src/axi_interrupt.o ./src/cf_hdmi.o ./src/hw_config.o ./src/img_filters.o ./src/main.o ./src/sw_functions.o ./src/transmitter.o  ./inc/xgray_scale.o ./inc/ximage_filter.o ./inc/xsobel_filter.o  ./src/AXI_Exerciser.d ./src/AXI_monitor.d ./src/axi_interrupt.d ./src/cf_hdmi.d ./src/hw_config.d ./src/img_filters.d ./src/main.d ./src/sw_functions.d ./src/transmitter.d  ./inc/xgray_scale.d ./inc/ximage_filter.d ./inc/xsobel_filter.d  software_prj.elf.size  software_prj.elf
 
10:54:56 **** Clean-only build of project standalone_bsp_0 ****
make -k clean 
rm -rf ps7_cortexa9_0
10:54:58 **** Build of project standalone_bsp_0 ****
make -k all 
libgen -hw ../1IP_GR_hw_platform/system.xml\
	       \
	       -pe ps7_cortexa9_0 \
	       -log libgen.log \
	       system.mss
libgen
Xilinx EDK 14.7 Build EDK_P.20131013
Copyright (c) 1995-2012 Xilinx, Inc.  All rights reserved.

Command Line: libgen -hw ../1IP_GR_hw_platform/system.xml -pe ps7_cortexa9_0
-log libgen.log system.mss 


Staging source files.
Running DRCs.
Running generate.
Running post_generate.
Running include - 'gmake -s include "COMPILER=arm-xilinx-eabi-gcc"
"ARCHIVER=arm-xilinx-eabi-ar" "COMPILER_FLAGS= -O2 -c"
"EXTRA_COMPILER_FLAGS=-g"'.

Running libs - 'gmake -s libs "COMPILER=arm-xilinx-eabi-gcc"
"ARCHIVER=arm-xilinx-eabi-ar" "COMPILER_FLAGS= -O2 -c"
"EXTRA_COMPILER_FLAGS=-g"'.
Compiling common
arm-xilinx-eabi-ar: creating ../../../lib/libxil.a
Compiling standalone
Compiling axidma
Compiling iic
Compiling axipmon
Compiling axivdma
Compiling devcfg
Compiling dmaps
Compiling emacps
Compiling gpiops
Compiling iicps
Compiling qspips
Compiling scugic
Compiling scutimer
Compiling scuwdt
Compiling ttcps
Compiling uartps
Compiling usbps
Compiling xadcps
Compiling cpu_cortexa9
Running execs_generate.
Finished building libraries
10:55:41 **** Build of configuration Debug for project software_prj ****
make all 
Building file: ../src/AXI_Exerciser.c
Invoking: ARM gcc compiler
arm-xilinx-eabi-gcc -Wall -O0 -g3 -I/home/ga46sam/zync_work/Performances/opencv_install -I"/nfs/TUEIEDAprojects/SystemDesign/work/ipxact/benjamin-bordes/DSE/1IP/1IP_GR/SDK/SDK_Workspace/software_prj/inc" -c -fmessage-length=0 -I../../standalone_bsp_0/ps7_cortexa9_0/include -MMD -MP -MF"src/AXI_Exerciser.d" -MT"src/AXI_Exerciser.d" -o "src/AXI_Exerciser.o" "../src/AXI_Exerciser.c"
../src/AXI_Exerciser.c: In function 'AXI_Exerciser_clear':
../src/AXI_Exerciser.c:128:6: warning: implicit declaration of function 'Xil_In32' [-Wimplicit-function-declaration]
../src/AXI_Exerciser.c: In function 'mem_clean':
../src/AXI_Exerciser.c:164:3: warning: implicit declaration of function 'Xil_Out32' [-Wimplicit-function-declaration]
Finished building: ../src/AXI_Exerciser.c
 
Building file: ../src/AXI_monitor.c
Invoking: ARM gcc compiler
arm-xilinx-eabi-gcc -Wall -O0 -g3 -I/home/ga46sam/zync_work/Performances/opencv_install -I"/nfs/TUEIEDAprojects/SystemDesign/work/ipxact/benjamin-bordes/DSE/1IP/1IP_GR/SDK/SDK_Workspace/software_prj/inc" -c -fmessage-length=0 -I../../standalone_bsp_0/ps7_cortexa9_0/include -MMD -MP -MF"src/AXI_monitor.d" -MT"src/AXI_monitor.d" -o "src/AXI_monitor.o" "../src/AXI_monitor.c"
../src/AXI_monitor.c: In function 'AXI_monitor_config':
../src/AXI_monitor.c:18:1: warning: implicit declaration of function 'printf' [-Wimplicit-function-declaration]
../src/AXI_monitor.c:18:1: warning: incompatible implicit declaration of built-in function 'printf' [enabled by default]
../src/AXI_monitor.c:19:1: warning: implicit declaration of function 'Xil_Out32' [-Wimplicit-function-declaration]
../src/AXI_monitor.c: In function 'PerfResult':
../src/AXI_monitor.c:55:6: warning: incompatible implicit declaration of built-in function 'printf' [enabled by default]
../src/AXI_monitor.c:56:3: warning: implicit declaration of function 'Xil_In32' [-Wimplicit-function-declaration]
../src/AXI_monitor.c:72:1: warning: implicit declaration of function 'xil_printf' [-Wimplicit-function-declaration]
../src/AXI_monitor.c:52:5: warning: unused variable 'test' [-Wunused-variable]
Finished building: ../src/AXI_monitor.c
../src/AXI_monitor.c: In function 'AVRGPerfResult':
 
../src/AXI_monitor.c:116:7: warning: incompatible implicit declaration of built-in function 'printf' [enabled by default]
Building file: ../src/axi_interrupt.c
Invoking: ARM gcc compiler
arm-xilinx-eabi-gcc -Wall -O0 -g3 -I/home/ga46sam/zync_work/Performances/opencv_install -I"/nfs/TUEIEDAprojects/SystemDesign/work/ipxact/benjamin-bordes/DSE/1IP/1IP_GR/SDK/SDK_Workspace/software_prj/inc" -c -fmessage-length=0 -I../../standalone_bsp_0/ps7_cortexa9_0/include -MMD -MP -MF"src/axi_interrupt.d" -MT"src/axi_interrupt.d" -o "src/axi_interrupt.o" "../src/axi_interrupt.c"
../src/AXI_monitor.c:125:1: warning: control reaches end of non-void function [-Wreturn-type]
../src/axi_interrupt.c: In function 'AXI_INTERRUPT_VDMA3_MM2SIntr_Handler':
../src/axi_interrupt.c:95:2: warning: implicit declaration of function 'printf' [-Wimplicit-function-declaration]
../src/axi_interrupt.c:95:2: warning: incompatible implicit declaration of built-in function 'printf' [enabled by default]
Finished building: ../src/axi_interrupt.c
 
Building file: ../src/cf_hdmi.c
Invoking: ARM gcc compiler
arm-xilinx-eabi-gcc -Wall -O0 -g3 -I/home/ga46sam/zync_work/Performances/opencv_install -I"/nfs/TUEIEDAprojects/SystemDesign/work/ipxact/benjamin-bordes/DSE/1IP/1IP_GR/SDK/SDK_Workspace/software_prj/inc" -c -fmessage-length=0 -I../../standalone_bsp_0/ps7_cortexa9_0/include -MMD -MP -MF"src/cf_hdmi.d" -MT"src/cf_hdmi.d" -o "src/cf_hdmi.o" "../src/cf_hdmi.c"
../src/cf_hdmi.c: In function 'InitHdmiVideoPcore':
../src/cf_hdmi.c:240:13: error: 'XPAR_AXI_HDMI_TX_16B_0_BASEADDR' undeclared (first use in this function)
../src/cf_hdmi.c:240:13: note: each undeclared identifier is reported only once for each function it appears in
make: *** [src/cf_hdmi.o] Error 1
10:56:54 **** Auto Build of configuration Debug for project software_prj ****
make all 
Building file: ../src/cf_hdmi.c
Invoking: ARM gcc compiler
arm-xilinx-eabi-gcc -Wall -O0 -g3 -I/home/ga46sam/zync_work/Performances/opencv_install -I"/nfs/TUEIEDAprojects/SystemDesign/work/ipxact/benjamin-bordes/DSE/1IP/1IP_GR/SDK/SDK_Workspace/software_prj/inc" -c -fmessage-length=0 -I../../standalone_bsp_0/ps7_cortexa9_0/include -MMD -MP -MF"src/cf_hdmi.d" -MT"src/cf_hdmi.d" -o "src/cf_hdmi.o" "../src/cf_hdmi.c"
Finished building: ../src/cf_hdmi.c
 
Building file: ../src/hw_config.c
Invoking: ARM gcc compiler
arm-xilinx-eabi-gcc -Wall -O0 -g3 -I/home/ga46sam/zync_work/Performances/opencv_install -I"/nfs/TUEIEDAprojects/SystemDesign/work/ipxact/benjamin-bordes/DSE/1IP/1IP_GR/SDK/SDK_Workspace/software_prj/inc" -c -fmessage-length=0 -I../../standalone_bsp_0/ps7_cortexa9_0/include -MMD -MP -MF"src/hw_config.d" -MT"src/hw_config.d" -o "src/hw_config.o" "../src/hw_config.c"
Finished building: ../src/hw_config.c
 
Building file: ../src/img_filters.c
Invoking: ARM gcc compiler
arm-xilinx-eabi-gcc -Wall -O0 -g3 -I/home/ga46sam/zync_work/Performances/opencv_install -I"/nfs/TUEIEDAprojects/SystemDesign/work/ipxact/benjamin-bordes/DSE/1IP/1IP_GR/SDK/SDK_Workspace/software_prj/inc" -c -fmessage-length=0 -I../../standalone_bsp_0/ps7_cortexa9_0/include -MMD -MP -MF"src/img_filters.d" -MT"src/img_filters.d" -o "src/img_filters.o" "../src/img_filters.c"
Finished building: ../src/img_filters.c
 
Building file: ../src/main.c
Invoking: ARM gcc compiler
arm-xilinx-eabi-gcc -Wall -O0 -g3 -I/home/ga46sam/zync_work/Performances/opencv_install -I"/nfs/TUEIEDAprojects/SystemDesign/work/ipxact/benjamin-bordes/DSE/1IP/1IP_GR/SDK/SDK_Workspace/software_prj/inc" -c -fmessage-length=0 -I../../standalone_bsp_0/ps7_cortexa9_0/include -MMD -MP -MF"src/main.d" -MT"src/main.d" -o "src/main.o" "../src/main.c"
../src/main.c:38:13: warning: 'Ex_config' initialized and declared 'extern' [enabled by default]
../src/main.c:41:22: warning: 'HDMI_VIEW_ADDR' initialized and declared 'extern' [enabled by default]
../src/main.c:50:28: warning: variable 'test' declared 'inline' [enabled by default]
../src/main.c: In function 'main':
../src/main.c:265:4: warning: implicit declaration of function 'AXI_monitor_config' [-Wimplicit-function-declaration]
../src/main.c:264:5: warning: unused variable 'CPUprocCLK' [-Wunused-variable]
../src/main.c:262:5: warning: unused variable 'i' [-Wunused-variable]
../src/main.c: At top level:
../src/main.c:50:28: warning: 'test' defined but not used [-Wunused-variable]
Finished building: ../src/main.c
 
Building file: ../src/sw_functions.c
Invoking: ARM gcc compiler
arm-xilinx-eabi-gcc -Wall -O0 -g3 -I/home/ga46sam/zync_work/Performances/opencv_install -I"/nfs/TUEIEDAprojects/SystemDesign/work/ipxact/benjamin-bordes/DSE/1IP/1IP_GR/SDK/SDK_Workspace/software_prj/inc" -c -fmessage-length=0 -I../../standalone_bsp_0/ps7_cortexa9_0/include -MMD -MP -MF"src/sw_functions.d" -MT"src/sw_functions.d" -o "src/sw_functions.o" "../src/sw_functions.c"
../src/sw_functions.c: In function 'ConvToGray':
../src/sw_functions.c:28:16: warning: unused variable 'VH_offset' [-Wunused-variable]
Finished building: ../src/sw_functions.c
 
Building file: ../src/transmitter.c
Invoking: ARM gcc compiler
arm-xilinx-eabi-gcc -Wall -O0 -g3 -I/home/ga46sam/zync_work/Performances/opencv_install -I"/nfs/TUEIEDAprojects/SystemDesign/work/ipxact/benjamin-bordes/DSE/1IP/1IP_GR/SDK/SDK_Workspace/software_prj/inc" -c -fmessage-length=0 -I../../standalone_bsp_0/ps7_cortexa9_0/include -MMD -MP -MF"src/transmitter.d" -MT"src/transmitter.d" -o "src/transmitter.o" "../src/transmitter.c"
Finished building: ../src/transmitter.c
 
Building file: ../inc/xgray_scale.c
Invoking: ARM gcc compiler
arm-xilinx-eabi-gcc -Wall -O0 -g3 -I/home/ga46sam/zync_work/Performances/opencv_install -I"/nfs/TUEIEDAprojects/SystemDesign/work/ipxact/benjamin-bordes/DSE/1IP/1IP_GR/SDK/SDK_Workspace/software_prj/inc" -c -fmessage-length=0 -I../../standalone_bsp_0/ps7_cortexa9_0/include -MMD -MP -MF"inc/xgray_scale.d" -MT"inc/xgray_scale.d" -o "inc/xgray_scale.o" "../inc/xgray_scale.c"
Finished building: ../inc/xgray_scale.c
 
Building file: ../inc/ximage_filter.c
Invoking: ARM gcc compiler
arm-xilinx-eabi-gcc -Wall -O0 -g3 -I/home/ga46sam/zync_work/Performances/opencv_install -I"/nfs/TUEIEDAprojects/SystemDesign/work/ipxact/benjamin-bordes/DSE/1IP/1IP_GR/SDK/SDK_Workspace/software_prj/inc" -c -fmessage-length=0 -I../../standalone_bsp_0/ps7_cortexa9_0/include -MMD -MP -MF"inc/ximage_filter.d" -MT"inc/ximage_filter.d" -o "inc/ximage_filter.o" "../inc/ximage_filter.c"
Finished building: ../inc/ximage_filter.c
 
Building file: ../inc/xsobel_filter.c
Invoking: ARM gcc compiler
arm-xilinx-eabi-gcc -Wall -O0 -g3 -I/home/ga46sam/zync_work/Performances/opencv_install -I"/nfs/TUEIEDAprojects/SystemDesign/work/ipxact/benjamin-bordes/DSE/1IP/1IP_GR/SDK/SDK_Workspace/software_prj/inc" -c -fmessage-length=0 -I../../standalone_bsp_0/ps7_cortexa9_0/include -MMD -MP -MF"inc/xsobel_filter.d" -MT"inc/xsobel_filter.d" -o "inc/xsobel_filter.o" "../inc/xsobel_filter.c"
Finished building: ../inc/xsobel_filter.c
 
Building target: software_prj.elf
Invoking: ARM gcc linker
arm-xilinx-eabi-gcc -L"/nfs/TUEIEDAprojects/SystemDesign/work/ipxact/benjamin-bordes/DSE/1IP/1IP_GR/SDK/SDK_Workspace/software_prj/lib" -L"/nfs/TUEIEDAprojects/SystemDesign/work/ipxact/benjamin-bordes/DSE/1IP/1IP_GR/SDK/SDK_Workspace/standalone_bsp_0/ps7_cortexa9_0/lib" -Wl,-T -Wl,../src/lscript.ld -L../../standalone_bsp_0/ps7_cortexa9_0/lib -o "software_prj.elf"  ./src/AXI_Exerciser.o ./src/AXI_monitor.o ./src/axi_interrupt.o ./src/cf_hdmi.o ./src/hw_config.o ./src/img_filters.o ./src/main.o ./src/sw_functions.o ./src/transmitter.o  ./inc/xgray_scale.o ./inc/ximage_filter.o ./inc/xsobel_filter.o   -lHDMI_ZedBoardLib -Wl,--start-group,-lxil,-lgcc,-lc,--end-group
Finished building target: software_prj.elf
 
Invoking: ARM Print Size
arm-xilinx-eabi-size software_prj.elf  |tee "software_prj.elf.size"
   text	   data	    bss	    dec	    hex	filename
 155624	   3072	  34540	 193236	  2f2d4	software_prj.elf
Finished building: software_prj.elf.size
 
10:57:33 **** Auto Build of configuration Debug for project software_prj ****
make all 
make: Nothing to be done for `all'.
10:57:49 **** Incremental Build of configuration Debug for project software_prj ****
make all 
make: Nothing to be done for `all'.
10:59:29 **** Auto Build of configuration Debug for project software_prj ****
make all 
Building file: ../src/main.c
Invoking: ARM gcc compiler
arm-xilinx-eabi-gcc -Wall -O0 -g3 -I/home/ga46sam/zync_work/Performances/opencv_install -I"/nfs/TUEIEDAprojects/SystemDesign/work/ipxact/benjamin-bordes/DSE/1IP/1IP_GR/SDK/SDK_Workspace/software_prj/inc" -c -fmessage-length=0 -I../../standalone_bsp_0/ps7_cortexa9_0/include -MMD -MP -MF"src/main.d" -MT"src/main.d" -o "src/main.o" "../src/main.c"
../src/main.c:38:13: warning: 'Ex_config' initialized and declared 'extern' [enabled by default]
../src/main.c:41:22: warning: 'HDMI_VIEW_ADDR' initialized and declared 'extern' [enabled by default]
../src/main.c:50:28: warning: variable 'test' declared 'inline' [enabled by default]
../src/main.c: In function 'main':
../src/main.c:265:4: warning: implicit declaration of function 'AXI_monitor_config' [-Wimplicit-function-declaration]
../src/main.c:390:4: warning: implicit declaration of function 'PerfResult' [-Wimplicit-function-declaration]
../src/main.c:264:5: warning: unused variable 'CPUprocCLK' [-Wunused-variable]
../src/main.c:262:5: warning: unused variable 'i' [-Wunused-variable]
../src/main.c: At top level:
../src/main.c:50:28: warning: 'test' defined but not used [-Wunused-variable]
Finished building: ../src/main.c
 
Building target: software_prj.elf
Invoking: ARM gcc linker
arm-xilinx-eabi-gcc -L"/nfs/TUEIEDAprojects/SystemDesign/work/ipxact/benjamin-bordes/DSE/1IP/1IP_GR/SDK/SDK_Workspace/software_prj/lib" -L"/nfs/TUEIEDAprojects/SystemDesign/work/ipxact/benjamin-bordes/DSE/1IP/1IP_GR/SDK/SDK_Workspace/standalone_bsp_0/ps7_cortexa9_0/lib" -Wl,-T -Wl,../src/lscript.ld -L../../standalone_bsp_0/ps7_cortexa9_0/lib -o "software_prj.elf"  ./src/AXI_Exerciser.o ./src/AXI_monitor.o ./src/axi_interrupt.o ./src/cf_hdmi.o ./src/hw_config.o ./src/img_filters.o ./src/main.o ./src/sw_functions.o ./src/transmitter.o  ./inc/xgray_scale.o ./inc/ximage_filter.o ./inc/xsobel_filter.o   -lHDMI_ZedBoardLib -Wl,--start-group,-lxil,-lgcc,-lc,--end-group
Finished building target: software_prj.elf
 
Invoking: ARM Print Size
arm-xilinx-eabi-size software_prj.elf  |tee "software_prj.elf.size"
   text	   data	    bss	    dec	    hex	filename
 155648	   3072	  34540	 193260	  2f2ec	software_prj.elf
Finished building: software_prj.elf.size
 
10:59:38 **** Incremental Build of configuration Debug for project software_prj ****
make all 
make: Nothing to be done for `all'.
