00:29:33 **** Clean-only build of configuration Release for project SOERGR_sw ****
make clean 
rm -rf  ./src/src/axi_interrupt.o ./src/src/cf_hdmi.o ./src/src/hw_config.o ./src/src/main.o ./src/src/sw_functions.o ./src/src/transmitter.o  ./src/inc/xgray_scale.o ./src/inc/ximage_filter.o ./src/inc/xsobel_filter.o  ./.metadata/.plugins/org.eclipse.cdt.make.core/specs.o  ./src/src/axi_interrupt.d ./src/src/cf_hdmi.d ./src/src/hw_config.d ./src/src/main.d ./src/src/sw_functions.d ./src/src/transmitter.d  ./src/inc/xgray_scale.d ./src/inc/ximage_filter.d ./src/inc/xsobel_filter.d  ./.metadata/.plugins/org.eclipse.cdt.make.core/specs.d  SOERGR_sw.elf.size  SOERGR_sw.elf
 

00:29:33 Build Finished (took 158ms)

00:29:33 **** Clean-only build of configuration Debug for project SOERGR_sw ****
make clean 
rm -rf  ./src/src/axi_interrupt.o ./src/src/cf_hdmi.o ./src/src/hw_config.o ./src/src/main.o ./src/src/sw_functions.o ./src/src/transmitter.o  ./src/inc/xgray_scale.o ./src/inc/ximage_filter.o ./src/inc/xsobel_filter.o  ./.metadata/.plugins/org.eclipse.cdt.make.core/specs.o  ./src/src/axi_interrupt.d ./src/src/cf_hdmi.d ./src/src/hw_config.d ./src/src/main.d ./src/src/sw_functions.d ./src/src/transmitter.d  ./src/inc/xgray_scale.d ./src/inc/ximage_filter.d ./src/inc/xsobel_filter.d  ./.metadata/.plugins/org.eclipse.cdt.make.core/specs.d  SOERGR_sw.elf.size  SOERGR_sw.elf
 
00:29:33 **** Build of configuration Debug for project SOERGR_sw ****
make all 
Building file: ../src/src/axi_interrupt.c
Invoking: ARM gcc compiler
arm-xilinx-eabi-gcc -Wall -O0 -g3 -I"/nfs/TUEIEDAprojects/SystemDesign/work/zynq/mamatha/uzair_sharif/EDA_Munish/work_dir/dualCore_SOGRER_slow/videoProcessing_prj/SDK/SDK_Workspace/SOERGR_sw/src/inc" -c -fmessage-length=0 -I../../standalone_bsp_0/ps7_cortexa9_0/include -MMD -MP -MF"src/src/axi_interrupt.d" -MT"src/src/axi_interrupt.d" -o "src/src/axi_interrupt.o" "../src/src/axi_interrupt.c"
Finished building: ../src/src/axi_interrupt.c
 
Building file: ../src/src/cf_hdmi.c
Invoking: ARM gcc compiler
arm-xilinx-eabi-gcc -Wall -O0 -g3 -I"/nfs/TUEIEDAprojects/SystemDesign/work/zynq/mamatha/uzair_sharif/EDA_Munish/work_dir/dualCore_SOGRER_slow/videoProcessing_prj/SDK/SDK_Workspace/SOERGR_sw/src/inc" -c -fmessage-length=0 -I../../standalone_bsp_0/ps7_cortexa9_0/include -MMD -MP -MF"src/src/cf_hdmi.d" -MT"src/src/cf_hdmi.d" -o "src/src/cf_hdmi.o" "../src/src/cf_hdmi.c"
Finished building: ../src/src/cf_hdmi.c
 
Building file: ../src/src/hw_config.c
Invoking: ARM gcc compiler
arm-xilinx-eabi-gcc -Wall -O0 -g3 -I"/nfs/TUEIEDAprojects/SystemDesign/work/zynq/mamatha/uzair_sharif/EDA_Munish/work_dir/dualCore_SOGRER_slow/videoProcessing_prj/SDK/SDK_Workspace/SOERGR_sw/src/inc" -c -fmessage-length=0 -I../../standalone_bsp_0/ps7_cortexa9_0/include -MMD -MP -MF"src/src/hw_config.d" -MT"src/src/hw_config.d" -o "src/src/hw_config.o" "../src/src/hw_config.c"
Finished building: ../src/src/hw_config.c
 
Building file: ../src/src/main.c
Invoking: ARM gcc compiler
arm-xilinx-eabi-gcc -Wall -O0 -g3 -I"/nfs/TUEIEDAprojects/SystemDesign/work/zynq/mamatha/uzair_sharif/EDA_Munish/work_dir/dualCore_SOGRER_slow/videoProcessing_prj/SDK/SDK_Workspace/SOERGR_sw/src/inc" -c -fmessage-length=0 -I../../standalone_bsp_0/ps7_cortexa9_0/include -MMD -MP -MF"src/src/main.d" -MT"src/src/main.d" -o "src/src/main.o" "../src/src/main.c"
Finished building: ../src/src/main.c
 
Building file: ../src/src/sw_functions.c
Invoking: ARM gcc compiler
arm-xilinx-eabi-gcc -Wall -O0 -g3 -I"/nfs/TUEIEDAprojects/SystemDesign/work/zynq/mamatha/uzair_sharif/EDA_Munish/work_dir/dualCore_SOGRER_slow/videoProcessing_prj/SDK/SDK_Workspace/SOERGR_sw/src/inc" -c -fmessage-length=0 -I../../standalone_bsp_0/ps7_cortexa9_0/include -MMD -MP -MF"src/src/sw_functions.d" -MT"src/src/sw_functions.d" -o "src/src/sw_functions.o" "../src/src/sw_functions.c"
../src/src/sw_functions.c:4:1: warning: "/*" within comment [-Wcomment]
Finished building: ../src/src/sw_functions.c
 
Building file: ../src/src/transmitter.c
Invoking: ARM gcc compiler
arm-xilinx-eabi-gcc -Wall -O0 -g3 -I"/nfs/TUEIEDAprojects/SystemDesign/work/zynq/mamatha/uzair_sharif/EDA_Munish/work_dir/dualCore_SOGRER_slow/videoProcessing_prj/SDK/SDK_Workspace/SOERGR_sw/src/inc" -c -fmessage-length=0 -I../../standalone_bsp_0/ps7_cortexa9_0/include -MMD -MP -MF"src/src/transmitter.d" -MT"src/src/transmitter.d" -o "src/src/transmitter.o" "../src/src/transmitter.c"
Finished building: ../src/src/transmitter.c
 
Building file: ../src/inc/xgray_scale.c
Invoking: ARM gcc compiler
arm-xilinx-eabi-gcc -Wall -O0 -g3 -I"/nfs/TUEIEDAprojects/SystemDesign/work/zynq/mamatha/uzair_sharif/EDA_Munish/work_dir/dualCore_SOGRER_slow/videoProcessing_prj/SDK/SDK_Workspace/SOERGR_sw/src/inc" -c -fmessage-length=0 -I../../standalone_bsp_0/ps7_cortexa9_0/include -MMD -MP -MF"src/inc/xgray_scale.d" -MT"src/inc/xgray_scale.d" -o "src/inc/xgray_scale.o" "../src/inc/xgray_scale.c"
Finished building: ../src/inc/xgray_scale.c
 
Building file: ../src/inc/ximage_filter.c
Invoking: ARM gcc compiler
arm-xilinx-eabi-gcc -Wall -O0 -g3 -I"/nfs/TUEIEDAprojects/SystemDesign/work/zynq/mamatha/uzair_sharif/EDA_Munish/work_dir/dualCore_SOGRER_slow/videoProcessing_prj/SDK/SDK_Workspace/SOERGR_sw/src/inc" -c -fmessage-length=0 -I../../standalone_bsp_0/ps7_cortexa9_0/include -MMD -MP -MF"src/inc/ximage_filter.d" -MT"src/inc/ximage_filter.d" -o "src/inc/ximage_filter.o" "../src/inc/ximage_filter.c"
Finished building: ../src/inc/ximage_filter.c
 
Building file: ../src/inc/xsobel_filter.c
Invoking: ARM gcc compiler
arm-xilinx-eabi-gcc -Wall -O0 -g3 -I"/nfs/TUEIEDAprojects/SystemDesign/work/zynq/mamatha/uzair_sharif/EDA_Munish/work_dir/dualCore_SOGRER_slow/videoProcessing_prj/SDK/SDK_Workspace/SOERGR_sw/src/inc" -c -fmessage-length=0 -I../../standalone_bsp_0/ps7_cortexa9_0/include -MMD -MP -MF"src/inc/xsobel_filter.d" -MT"src/inc/xsobel_filter.d" -o "src/inc/xsobel_filter.o" "../src/inc/xsobel_filter.c"
Finished building: ../src/inc/xsobel_filter.c
 
Building file: ../.metadata/.plugins/org.eclipse.cdt.make.core/specs.c
Invoking: ARM gcc compiler
arm-xilinx-eabi-gcc -Wall -O0 -g3 -I"/nfs/TUEIEDAprojects/SystemDesign/work/zynq/mamatha/uzair_sharif/EDA_Munish/work_dir/dualCore_SOGRER_slow/videoProcessing_prj/SDK/SDK_Workspace/SOERGR_sw/src/inc" -c -fmessage-length=0 -I../../standalone_bsp_0/ps7_cortexa9_0/include -MMD -MP -MF".metadata/.plugins/org.eclipse.cdt.make.core/specs.d" -MT".metadata/.plugins/org.eclipse.cdt.make.core/specs.d" -o ".metadata/.plugins/org.eclipse.cdt.make.core/specs.o" "../.metadata/.plugins/org.eclipse.cdt.make.core/specs.c"
Finished building: ../.metadata/.plugins/org.eclipse.cdt.make.core/specs.c
 
Building target: SOERGR_sw.elf
Invoking: ARM gcc linker
arm-xilinx-eabi-gcc -L"/nfs/TUEIEDAprojects/SystemDesign/work/zynq/mamatha/uzair_sharif/EDA_Munish/work_dir/dualCore_SOGRER_slow/videoProcessing_prj/SDK/SDK_Workspace/SOERGR_sw/src/lib" -Wl,-T -Wl,../src/lscript.ld -L../../standalone_bsp_0/ps7_cortexa9_0/lib -o "SOERGR_sw.elf"  ./src/src/axi_interrupt.o ./src/src/cf_hdmi.o ./src/src/hw_config.o ./src/src/main.o ./src/src/sw_functions.o ./src/src/transmitter.o  ./src/inc/xgray_scale.o ./src/inc/ximage_filter.o ./src/inc/xsobel_filter.o  ./.metadata/.plugins/org.eclipse.cdt.make.core/specs.o   -lHDMI_ZedBoardLib -Wl,--start-group,-lxil,-lgcc,-lc,--end-group
Finished building target: SOERGR_sw.elf
 
Invoking: ARM Print Size
arm-xilinx-eabi-size SOERGR_sw.elf  |tee "SOERGR_sw.elf.size"
   text	   data	    bss	    dec	    hex	filename
 154040	   3056	  22476	 179572	  2bd74	SOERGR_sw.elf
Finished building: SOERGR_sw.elf.size
 
00:29:38 **** Incremental Build of configuration Debug for project SOERGR_sw ****
make all 
make: Nothing to be done for `all'.
