03:24:22 **** Auto Build of configuration Debug for project SOERGR_sw ****
make all 
Building file: ../src/src/hwsw_functions.c
Invoking: ARM gcc compiler
arm-xilinx-eabi-gcc -Wall -O0 -g3 -I"/nfs/TUEIEDAprojects/SystemDesign/work/zynq/mamatha/uzair_sharif/EDA_Munish/work_dir/dualCore_SOGRER_slow/videoProcessing_prj/SDK/SDK_Workspace/SOERGR_sw/src/inc" -c -fmessage-length=0 -I../../standalone_bsp_0/ps7_cortexa9_0/include -MMD -MP -MF"src/src/hwsw_functions.d" -MT"src/src/hwsw_functions.d" -o "src/src/hwsw_functions.o" "../src/src/hwsw_functions.c"
Finished building: ../src/src/hwsw_functions.c
 
Building target: SOERGR_sw.elf
Invoking: ARM gcc linker
arm-xilinx-eabi-gcc -L"/nfs/TUEIEDAprojects/SystemDesign/work/zynq/mamatha/uzair_sharif/EDA_Munish/work_dir/dualCore_SOGRER_slow/videoProcessing_prj/SDK/SDK_Workspace/SOERGR_sw/src/lib" -Wl,-T -Wl,../src/lscript.ld -L../../standalone_bsp_0/ps7_cortexa9_0/lib -o "SOERGR_sw.elf"  ./src/src/axi_interrupt.o ./src/src/cf_hdmi.o ./src/src/hwsw_functions.o ./src/src/main.o ./src/src/sw_functions.o ./src/src/transmitter.o ./src/src/vdma_config.o ./src/src/xgray_scale.o ./src/src/ximage_filter.o ./src/src/xsobel_filter.o  ./.metadata/.plugins/org.eclipse.cdt.make.core/specs.o   -lHDMI_ZedBoardLib -Wl,--start-group,-lxil,-lgcc,-lc,--end-group
Finished building target: SOERGR_sw.elf
 
Invoking: ARM Print Size
arm-xilinx-eabi-size SOERGR_sw.elf  |tee "SOERGR_sw.elf.size"
   text	   data	    bss	    dec	    hex	filename
 118668	   1888	  22428	 142984	  22e88	SOERGR_sw.elf
Finished building: SOERGR_sw.elf.size
 

03:24:22 Build Finished (took 310ms)

