23:45:00 **** Incremental Build of configuration Debug for project zynq_fsbl_0 ****
make all 
Building file: ../src/image_mover.c
Invoking: ARM gcc compiler
arm-xilinx-eabi-gcc -Wall -O0 -g3 -c -fmessage-length=0 -I../../standalone_bsp_0/ps7_cortexa9_0/include -MMD -MP -MF"src/image_mover.d" -MT"src/image_mover.d" -o "src/image_mover.o" "../src/image_mover.c"
Finished building: ../src/image_mover.c
 
Building target: zynq_fsbl_0.elf
Invoking: ARM gcc linker
arm-xilinx-eabi-gcc -L"/nfs/TUEIEDAprojects/SystemDesign/work/zynq/uzair-sharif/EDA_Munish/work_dir/dualCore_SOGRER/videoProcessing_prj/SDK/SDK_Workspace/zynq_fsbl_0/src" -Wl,-T -Wl,../src/lscript.ld -L../../standalone_bsp_0/ps7_cortexa9_0/lib -o "zynq_fsbl_0.elf"  ./src/ddr_init.o ./src/ff.o ./src/fsbl_handoff.o ./src/fsbl_hooks.o ./src/image_mover.o ./src/main.o ./src/md5.o ./src/mmc.o ./src/nand.o ./src/nor.o ./src/pcap.o ./src/ps7_init.o ./src/qspi.o ./src/rsa.o ./src/sd.o   -lrsa -Wl,--start-group,-lxil,-lgcc,-lc,--end-group
Finished building target: zynq_fsbl_0.elf
 
Invoking: ARM Print Size
arm-xilinx-eabi-size zynq_fsbl_0.elf  |tee "zynq_fsbl_0.elf.size"
   text	   data	    bss	    dec	    hex	filename
  69844	  11336	  72500	 153680	  25850	zynq_fsbl_0.elf
Finished building: zynq_fsbl_0.elf.size
 

23:45:00 Build Finished (took 458ms)

