20:11:10 **** Clean-only build of configuration Debug for project SOERGR_sw ****
make clean 
rm -rf  ./src/src/GrayscaleIP_Rule1Driver.o ./src/src/GrayscaleIP_Rule2Driver.o ./src/src/GrayscaleIP_SW.o ./src/src/GrayscaleIP_config.o ./src/src/GrayscaleIP_func.o ./src/src/VDMAIP_Driver.o ./src/src/axi_interrupt.o ./src/src/cf_hdmi.o ./src/src/main.o ./src/src/transmitter.o  ./.metadata/.plugins/org.eclipse.cdt.make.core/specs.o  ./src/src/GrayscaleIP_Rule1Driver.d ./src/src/GrayscaleIP_Rule2Driver.d ./src/src/GrayscaleIP_SW.d ./src/src/GrayscaleIP_config.d ./src/src/GrayscaleIP_func.d ./src/src/VDMAIP_Driver.d ./src/src/axi_interrupt.d ./src/src/cf_hdmi.d ./src/src/main.d ./src/src/transmitter.d  ./.metadata/.plugins/org.eclipse.cdt.make.core/specs.d  SOERGR_sw.elf.size  SOERGR_sw.elf
 

20:11:10 Build Finished (took 208ms)

20:11:10 **** Clean-only build of configuration Release for project SOERGR_sw ****
make clean 
rm -rf  ./src/src/SoCProc_support.o ./src/src/XIL_MICROBLAZE_8_5_support.o ./src/src/ZYNQ_ARM_CORTEX_A9_support.o ./src/src/axi_interrupt.o ./src/src/cf_hdmi.o ./src/src/hwsw_functions.o ./src/src/main.o ./src/src/sw_functions.o ./src/src/transmitter.o ./src/src/vdma_config.o ./src/src/xconvert_to_gray.o ./src/src/ximage_filter.o ./src/src/xsobel_filter.o  ./.metadata/.plugins/org.eclipse.cdt.make.core/specs.o  ./src/src/SoCProc_support.d ./src/src/XIL_MICROBLAZE_8_5_support.d ./src/src/ZYNQ_ARM_CORTEX_A9_support.d ./src/src/axi_interrupt.d ./src/src/cf_hdmi.d ./src/src/hwsw_functions.d ./src/src/main.d ./src/src/sw_functions.d ./src/src/transmitter.d ./src/src/vdma_config.d ./src/src/xconvert_to_gray.d ./src/src/ximage_filter.d ./src/src/xsobel_filter.d  ./.metadata/.plugins/org.eclipse.cdt.make.core/specs.d  SOERGR_sw.elf.size  SOERGR_sw.elf
 
20:11:10 **** Build of configuration Debug for project SOERGR_sw ****
make all 
Building file: ../src/src/GrayscaleIP_Rule1Driver.c
Invoking: ARM gcc compiler
arm-xilinx-eabi-gcc -Wall -O0 -g3 -I"/nfs/TUEIEDAprojects/SystemDesign/work/zynq/mamatha/uzair_sharif/EDA_Munish/work_dir/dualCore_SOGRER_libIntegration/videoProcessing_prj/SDK/SDK_Workspace/SOERGR_sw/src/inc" -c -fmessage-length=0 -I../../standalone_bsp_0/ps7_cortexa9_0/include -MMD -MP -MF"src/src/GrayscaleIP_Rule1Driver.d" -MT"src/src/GrayscaleIP_Rule1Driver.d" -o "src/src/GrayscaleIP_Rule1Driver.o" "../src/src/GrayscaleIP_Rule1Driver.c"
Finished building: ../src/src/GrayscaleIP_Rule1Driver.c
 
Building file: ../src/src/GrayscaleIP_Rule2Driver.c
Invoking: ARM gcc compiler
arm-xilinx-eabi-gcc -Wall -O0 -g3 -I"/nfs/TUEIEDAprojects/SystemDesign/work/zynq/mamatha/uzair_sharif/EDA_Munish/work_dir/dualCore_SOGRER_libIntegration/videoProcessing_prj/SDK/SDK_Workspace/SOERGR_sw/src/inc" -c -fmessage-length=0 -I../../standalone_bsp_0/ps7_cortexa9_0/include -MMD -MP -MF"src/src/GrayscaleIP_Rule2Driver.d" -MT"src/src/GrayscaleIP_Rule2Driver.d" -o "src/src/GrayscaleIP_Rule2Driver.o" "../src/src/GrayscaleIP_Rule2Driver.c"
Finished building: ../src/src/GrayscaleIP_Rule2Driver.c
 
Building file: ../src/src/GrayscaleIP_SW.c
Invoking: ARM gcc compiler
arm-xilinx-eabi-gcc -Wall -O0 -g3 -I"/nfs/TUEIEDAprojects/SystemDesign/work/zynq/mamatha/uzair_sharif/EDA_Munish/work_dir/dualCore_SOGRER_libIntegration/videoProcessing_prj/SDK/SDK_Workspace/SOERGR_sw/src/inc" -c -fmessage-length=0 -I../../standalone_bsp_0/ps7_cortexa9_0/include -MMD -MP -MF"src/src/GrayscaleIP_SW.d" -MT"src/src/GrayscaleIP_SW.d" -o "src/src/GrayscaleIP_SW.o" "../src/src/GrayscaleIP_SW.c"
Finished building: ../src/src/GrayscaleIP_SW.c
 
Building file: ../src/src/GrayscaleIP_config.c
Invoking: ARM gcc compiler
arm-xilinx-eabi-gcc -Wall -O0 -g3 -I"/nfs/TUEIEDAprojects/SystemDesign/work/zynq/mamatha/uzair_sharif/EDA_Munish/work_dir/dualCore_SOGRER_libIntegration/videoProcessing_prj/SDK/SDK_Workspace/SOERGR_sw/src/inc" -c -fmessage-length=0 -I../../standalone_bsp_0/ps7_cortexa9_0/include -MMD -MP -MF"src/src/GrayscaleIP_config.d" -MT"src/src/GrayscaleIP_config.d" -o "src/src/GrayscaleIP_config.o" "../src/src/GrayscaleIP_config.c"
Finished building: ../src/src/GrayscaleIP_config.c
 
Building file: ../src/src/GrayscaleIP_func.c
Invoking: ARM gcc compiler
arm-xilinx-eabi-gcc -Wall -O0 -g3 -I"/nfs/TUEIEDAprojects/SystemDesign/work/zynq/mamatha/uzair_sharif/EDA_Munish/work_dir/dualCore_SOGRER_libIntegration/videoProcessing_prj/SDK/SDK_Workspace/SOERGR_sw/src/inc" -c -fmessage-length=0 -I../../standalone_bsp_0/ps7_cortexa9_0/include -MMD -MP -MF"src/src/GrayscaleIP_func.d" -MT"src/src/GrayscaleIP_func.d" -o "src/src/GrayscaleIP_func.o" "../src/src/GrayscaleIP_func.c"
Finished building: ../src/src/GrayscaleIP_func.c
 
Building file: ../src/src/VDMAIP_Driver.c
Invoking: ARM gcc compiler
arm-xilinx-eabi-gcc -Wall -O0 -g3 -I"/nfs/TUEIEDAprojects/SystemDesign/work/zynq/mamatha/uzair_sharif/EDA_Munish/work_dir/dualCore_SOGRER_libIntegration/videoProcessing_prj/SDK/SDK_Workspace/SOERGR_sw/src/inc" -c -fmessage-length=0 -I../../standalone_bsp_0/ps7_cortexa9_0/include -MMD -MP -MF"src/src/VDMAIP_Driver.d" -MT"src/src/VDMAIP_Driver.d" -o "src/src/VDMAIP_Driver.o" "../src/src/VDMAIP_Driver.c"
Finished building: ../src/src/VDMAIP_Driver.c
 
Building file: ../src/src/axi_interrupt.c
Invoking: ARM gcc compiler
arm-xilinx-eabi-gcc -Wall -O0 -g3 -I"/nfs/TUEIEDAprojects/SystemDesign/work/zynq/mamatha/uzair_sharif/EDA_Munish/work_dir/dualCore_SOGRER_libIntegration/videoProcessing_prj/SDK/SDK_Workspace/SOERGR_sw/src/inc" -c -fmessage-length=0 -I../../standalone_bsp_0/ps7_cortexa9_0/include -MMD -MP -MF"src/src/axi_interrupt.d" -MT"src/src/axi_interrupt.d" -o "src/src/axi_interrupt.o" "../src/src/axi_interrupt.c"
Finished building: ../src/src/axi_interrupt.c
 
Building file: ../src/src/cf_hdmi.c
Invoking: ARM gcc compiler
arm-xilinx-eabi-gcc -Wall -O0 -g3 -I"/nfs/TUEIEDAprojects/SystemDesign/work/zynq/mamatha/uzair_sharif/EDA_Munish/work_dir/dualCore_SOGRER_libIntegration/videoProcessing_prj/SDK/SDK_Workspace/SOERGR_sw/src/inc" -c -fmessage-length=0 -I../../standalone_bsp_0/ps7_cortexa9_0/include -MMD -MP -MF"src/src/cf_hdmi.d" -MT"src/src/cf_hdmi.d" -o "src/src/cf_hdmi.o" "../src/src/cf_hdmi.c"
Finished building: ../src/src/cf_hdmi.c
 
Building file: ../src/src/main.c
Invoking: ARM gcc compiler
arm-xilinx-eabi-gcc -Wall -O0 -g3 -I"/nfs/TUEIEDAprojects/SystemDesign/work/zynq/mamatha/uzair_sharif/EDA_Munish/work_dir/dualCore_SOGRER_libIntegration/videoProcessing_prj/SDK/SDK_Workspace/SOERGR_sw/src/inc" -c -fmessage-length=0 -I../../standalone_bsp_0/ps7_cortexa9_0/include -MMD -MP -MF"src/src/main.d" -MT"src/src/main.d" -o "src/src/main.o" "../src/src/main.c"
Finished building: ../src/src/main.c
 
Building file: ../src/src/transmitter.c
Invoking: ARM gcc compiler
arm-xilinx-eabi-gcc -Wall -O0 -g3 -I"/nfs/TUEIEDAprojects/SystemDesign/work/zynq/mamatha/uzair_sharif/EDA_Munish/work_dir/dualCore_SOGRER_libIntegration/videoProcessing_prj/SDK/SDK_Workspace/SOERGR_sw/src/inc" -c -fmessage-length=0 -I../../standalone_bsp_0/ps7_cortexa9_0/include -MMD -MP -MF"src/src/transmitter.d" -MT"src/src/transmitter.d" -o "src/src/transmitter.o" "../src/src/transmitter.c"
Finished building: ../src/src/transmitter.c
 
Building file: ../.metadata/.plugins/org.eclipse.cdt.make.core/specs.c
Invoking: ARM gcc compiler
arm-xilinx-eabi-gcc -Wall -O0 -g3 -I"/nfs/TUEIEDAprojects/SystemDesign/work/zynq/mamatha/uzair_sharif/EDA_Munish/work_dir/dualCore_SOGRER_libIntegration/videoProcessing_prj/SDK/SDK_Workspace/SOERGR_sw/src/inc" -c -fmessage-length=0 -I../../standalone_bsp_0/ps7_cortexa9_0/include -MMD -MP -MF".metadata/.plugins/org.eclipse.cdt.make.core/specs.d" -MT".metadata/.plugins/org.eclipse.cdt.make.core/specs.d" -o ".metadata/.plugins/org.eclipse.cdt.make.core/specs.o" "../.metadata/.plugins/org.eclipse.cdt.make.core/specs.c"
Finished building: ../.metadata/.plugins/org.eclipse.cdt.make.core/specs.c
 
Building target: SOERGR_sw.elf
Invoking: ARM gcc linker
arm-xilinx-eabi-gcc -L"/nfs/TUEIEDAprojects/SystemDesign/work/zynq/mamatha/uzair_sharif/EDA_Munish/work_dir/dualCore_SOGRER_libIntegration/videoProcessing_prj/SDK/SDK_Workspace/SOERGR_sw/src/lib" -Wl,-T -Wl,../src/lscript.ld -L../../standalone_bsp_0/ps7_cortexa9_0/lib -o "SOERGR_sw.elf"  ./src/src/GrayscaleIP_Rule1Driver.o ./src/src/GrayscaleIP_Rule2Driver.o ./src/src/GrayscaleIP_SW.o ./src/src/GrayscaleIP_config.o ./src/src/GrayscaleIP_func.o ./src/src/VDMAIP_Driver.o ./src/src/axi_interrupt.o ./src/src/cf_hdmi.o ./src/src/main.o ./src/src/transmitter.o  ./.metadata/.plugins/org.eclipse.cdt.make.core/specs.o   -lHDMI_ZedBoardLib -Wl,--start-group,-lxil,-lgcc,-lc,--end-group
Finished building target: SOERGR_sw.elf
 
Invoking: ARM Print Size
arm-xilinx-eabi-size SOERGR_sw.elf  |tee "SOERGR_sw.elf.size"
   text	   data	    bss	    dec	    hex	filename
 103912	   2880	  22412	 129204	  1f8b4	SOERGR_sw.elf
Finished building: SOERGR_sw.elf.size
 
