21:34:20 **** Clean-only build of configuration Release for project SOERGR_sw ****
make clean 
make: *** No rule to make target `clean'.  Stop.

21:34:20 Build Finished (took 71ms)

21:34:20 **** Clean-only build of configuration Debug for project SOERGR_sw ****
make clean 
rm -rf  ./src/src/axi_interrupt.o ./src/src/cf_hdmi.o ./src/src/main.o ./src/src/transmitter.o ./src/src/vdma_config.o  ./src/multicore_sup/SoCProc_support.o ./src/multicore_sup/SoCProc_support_config.o ./src/multicore_sup/XIL_MICROBLAZE_8_5_support.o ./src/multicore_sup/ZYNQ_ARM_CORTEX_A9_support.o  ./src/IP_SW/VDMAIP/SW/driver/Base/VDMAIP_Driver.o  ./src/IP_SW/SobelIP/SW/function/Sobel_SW.o ./src/IP_SW/SobelIP/SW/function/Sobel_func.o  ./src/IP_SW/SobelIP/SW/driver/Rule1/Sobel_Rule1Driver.o  ./src/IP_SW/SobelIP/SW/driver/Base/SobelIP_Driver.o  ./src/IP_SW/GrayscaleIP/SW/function/Grayscale_SW.o ./src/IP_SW/GrayscaleIP/SW/function/Grayscale_func.o  ./src/IP_SW/GrayscaleIP/SW/driver/Rule2/Grayscale_Rule2Driver.o  ./src/IP_SW/GrayscaleIP/SW/driver/Rule1/Grayscale_Rule1Driver.o  ./src/IP_SW/GrayscaleIP/SW/driver/Base/GrayscaleIP_Driver.o  ./src/IP_SW/ErodeIP/SW/function/Erode_SW.o ./src/IP_SW/ErodeIP/SW/function/Erode_func.o  ./src/IP_SW/ErodeIP/SW/driver/Rule1/Erode_Rule1Driver.o  ./src/IP_SW/ErodeIP/SW/driver/Base/ErodeIP_Driver.o  ./.metadata/.plugins/org.eclipse.cdt.make.core/specs.o  ./src/src/axi_interrupt.d ./src/src/cf_hdmi.d ./src/src/main.d ./src/src/transmitter.d ./src/src/vdma_config.d  ./src/multicore_sup/SoCProc_support.d ./src/multicore_sup/SoCProc_support_config.d ./src/multicore_sup/XIL_MICROBLAZE_8_5_support.d ./src/multicore_sup/ZYNQ_ARM_CORTEX_A9_support.d  ./src/IP_SW/VDMAIP/SW/driver/Base/VDMAIP_Driver.d  ./src/IP_SW/SobelIP/SW/function/Sobel_SW.d ./src/IP_SW/SobelIP/SW/function/Sobel_func.d  ./src/IP_SW/SobelIP/SW/driver/Rule1/Sobel_Rule1Driver.d  ./src/IP_SW/SobelIP/SW/driver/Base/SobelIP_Driver.d  ./src/IP_SW/GrayscaleIP/SW/function/Grayscale_SW.d ./src/IP_SW/GrayscaleIP/SW/function/Grayscale_func.d  ./src/IP_SW/GrayscaleIP/SW/driver/Rule2/Grayscale_Rule2Driver.d  ./src/IP_SW/GrayscaleIP/SW/driver/Rule1/Grayscale_Rule1Driver.d  ./src/IP_SW/GrayscaleIP/SW/driver/Base/GrayscaleIP_Driver.d  ./src/IP_SW/ErodeIP/SW/function/Erode_SW.d ./src/IP_SW/ErodeIP/SW/function/Erode_func.d  ./src/IP_SW/ErodeIP/SW/driver/Rule1/Erode_Rule1Driver.d  ./src/IP_SW/ErodeIP/SW/driver/Base/ErodeIP_Driver.d  ./.metadata/.plugins/org.eclipse.cdt.make.core/specs.d  SOERGR_sw.elf.size  SOERGR_sw.elf
 
21:34:21 **** Build of configuration Debug for project SOERGR_sw ****
make all 
Building file: ../src/src/axi_interrupt.c
Invoking: ARM gcc compiler
arm-xilinx-eabi-gcc -Wall -O0 -g3 -I"/nfs/TUEIEDAprojects/SystemDesign/work/zynq/mamatha/uzair_sharif/EDA_Munish/work_dir/dualCore_SOGRER_libIntegration/videoProcessing_prj/SDK/SDK_Workspace/SOERGR_sw/src/inc" -c -fmessage-length=0 -I../../standalone_bsp_0/ps7_cortexa9_0/include -MMD -MP -MF"src/src/axi_interrupt.d" -MT"src/src/axi_interrupt.d" -o "src/src/axi_interrupt.o" "../src/src/axi_interrupt.c"
Finished building: ../src/src/axi_interrupt.c
 
Building file: ../src/src/cf_hdmi.c
Invoking: ARM gcc compiler
arm-xilinx-eabi-gcc -Wall -O0 -g3 -I"/nfs/TUEIEDAprojects/SystemDesign/work/zynq/mamatha/uzair_sharif/EDA_Munish/work_dir/dualCore_SOGRER_libIntegration/videoProcessing_prj/SDK/SDK_Workspace/SOERGR_sw/src/inc" -c -fmessage-length=0 -I../../standalone_bsp_0/ps7_cortexa9_0/include -MMD -MP -MF"src/src/cf_hdmi.d" -MT"src/src/cf_hdmi.d" -o "src/src/cf_hdmi.o" "../src/src/cf_hdmi.c"
Finished building: ../src/src/cf_hdmi.c
 
Building file: ../src/src/main.c
Invoking: ARM gcc compiler
arm-xilinx-eabi-gcc -Wall -O0 -g3 -I"/nfs/TUEIEDAprojects/SystemDesign/work/zynq/mamatha/uzair_sharif/EDA_Munish/work_dir/dualCore_SOGRER_libIntegration/videoProcessing_prj/SDK/SDK_Workspace/SOERGR_sw/src/inc" -c -fmessage-length=0 -I../../standalone_bsp_0/ps7_cortexa9_0/include -MMD -MP -MF"src/src/main.d" -MT"src/src/main.d" -o "src/src/main.o" "../src/src/main.c"
Finished building: ../src/src/main.c
 
Building file: ../src/src/transmitter.c
Invoking: ARM gcc compiler
arm-xilinx-eabi-gcc -Wall -O0 -g3 -I"/nfs/TUEIEDAprojects/SystemDesign/work/zynq/mamatha/uzair_sharif/EDA_Munish/work_dir/dualCore_SOGRER_libIntegration/videoProcessing_prj/SDK/SDK_Workspace/SOERGR_sw/src/inc" -c -fmessage-length=0 -I../../standalone_bsp_0/ps7_cortexa9_0/include -MMD -MP -MF"src/src/transmitter.d" -MT"src/src/transmitter.d" -o "src/src/transmitter.o" "../src/src/transmitter.c"
Finished building: ../src/src/transmitter.c
 
Building file: ../src/src/vdma_config.c
Invoking: ARM gcc compiler
arm-xilinx-eabi-gcc -Wall -O0 -g3 -I"/nfs/TUEIEDAprojects/SystemDesign/work/zynq/mamatha/uzair_sharif/EDA_Munish/work_dir/dualCore_SOGRER_libIntegration/videoProcessing_prj/SDK/SDK_Workspace/SOERGR_sw/src/inc" -c -fmessage-length=0 -I../../standalone_bsp_0/ps7_cortexa9_0/include -MMD -MP -MF"src/src/vdma_config.d" -MT"src/src/vdma_config.d" -o "src/src/vdma_config.o" "../src/src/vdma_config.c"
Finished building: ../src/src/vdma_config.c
 
Building file: ../src/multicore_sup/SoCProc_support.c
Invoking: ARM gcc compiler
arm-xilinx-eabi-gcc -Wall -O0 -g3 -I"/nfs/TUEIEDAprojects/SystemDesign/work/zynq/mamatha/uzair_sharif/EDA_Munish/work_dir/dualCore_SOGRER_libIntegration/videoProcessing_prj/SDK/SDK_Workspace/SOERGR_sw/src/inc" -c -fmessage-length=0 -I../../standalone_bsp_0/ps7_cortexa9_0/include -MMD -MP -MF"src/multicore_sup/SoCProc_support.d" -MT"src/multicore_sup/SoCProc_support.d" -o "src/multicore_sup/SoCProc_support.o" "../src/multicore_sup/SoCProc_support.c"
Finished building: ../src/multicore_sup/SoCProc_support.c
 
Building file: ../src/multicore_sup/SoCProc_support_config.c
Invoking: ARM gcc compiler
arm-xilinx-eabi-gcc -Wall -O0 -g3 -I"/nfs/TUEIEDAprojects/SystemDesign/work/zynq/mamatha/uzair_sharif/EDA_Munish/work_dir/dualCore_SOGRER_libIntegration/videoProcessing_prj/SDK/SDK_Workspace/SOERGR_sw/src/inc" -c -fmessage-length=0 -I../../standalone_bsp_0/ps7_cortexa9_0/include -MMD -MP -MF"src/multicore_sup/SoCProc_support_config.d" -MT"src/multicore_sup/SoCProc_support_config.d" -o "src/multicore_sup/SoCProc_support_config.o" "../src/multicore_sup/SoCProc_support_config.c"
Finished building: ../src/multicore_sup/SoCProc_support_config.c
 
Building file: ../src/multicore_sup/XIL_MICROBLAZE_8_5_support.c
Invoking: ARM gcc compiler
arm-xilinx-eabi-gcc -Wall -O0 -g3 -I"/nfs/TUEIEDAprojects/SystemDesign/work/zynq/mamatha/uzair_sharif/EDA_Munish/work_dir/dualCore_SOGRER_libIntegration/videoProcessing_prj/SDK/SDK_Workspace/SOERGR_sw/src/inc" -c -fmessage-length=0 -I../../standalone_bsp_0/ps7_cortexa9_0/include -MMD -MP -MF"src/multicore_sup/XIL_MICROBLAZE_8_5_support.d" -MT"src/multicore_sup/XIL_MICROBLAZE_8_5_support.d" -o "src/multicore_sup/XIL_MICROBLAZE_8_5_support.o" "../src/multicore_sup/XIL_MICROBLAZE_8_5_support.c"
Finished building: ../src/multicore_sup/XIL_MICROBLAZE_8_5_support.c
 
Building file: ../src/multicore_sup/ZYNQ_ARM_CORTEX_A9_support.c
Invoking: ARM gcc compiler
arm-xilinx-eabi-gcc -Wall -O0 -g3 -I"/nfs/TUEIEDAprojects/SystemDesign/work/zynq/mamatha/uzair_sharif/EDA_Munish/work_dir/dualCore_SOGRER_libIntegration/videoProcessing_prj/SDK/SDK_Workspace/SOERGR_sw/src/inc" -c -fmessage-length=0 -I../../standalone_bsp_0/ps7_cortexa9_0/include -MMD -MP -MF"src/multicore_sup/ZYNQ_ARM_CORTEX_A9_support.d" -MT"src/multicore_sup/ZYNQ_ARM_CORTEX_A9_support.d" -o "src/multicore_sup/ZYNQ_ARM_CORTEX_A9_support.o" "../src/multicore_sup/ZYNQ_ARM_CORTEX_A9_support.c"
Finished building: ../src/multicore_sup/ZYNQ_ARM_CORTEX_A9_support.c
 
Building file: ../src/IP_SW/VDMAIP/SW/driver/Base/VDMAIP_Driver.c
Invoking: ARM gcc compiler
arm-xilinx-eabi-gcc -Wall -O0 -g3 -I"/nfs/TUEIEDAprojects/SystemDesign/work/zynq/mamatha/uzair_sharif/EDA_Munish/work_dir/dualCore_SOGRER_libIntegration/videoProcessing_prj/SDK/SDK_Workspace/SOERGR_sw/src/inc" -c -fmessage-length=0 -I../../standalone_bsp_0/ps7_cortexa9_0/include -MMD -MP -MF"src/IP_SW/VDMAIP/SW/driver/Base/VDMAIP_Driver.d" -MT"src/IP_SW/VDMAIP/SW/driver/Base/VDMAIP_Driver.d" -o "src/IP_SW/VDMAIP/SW/driver/Base/VDMAIP_Driver.o" "../src/IP_SW/VDMAIP/SW/driver/Base/VDMAIP_Driver.c"
Finished building: ../src/IP_SW/VDMAIP/SW/driver/Base/VDMAIP_Driver.c
 
Building file: ../src/IP_SW/SobelIP/SW/function/Sobel_SW.c
Invoking: ARM gcc compiler
arm-xilinx-eabi-gcc -Wall -O0 -g3 -I"/nfs/TUEIEDAprojects/SystemDesign/work/zynq/mamatha/uzair_sharif/EDA_Munish/work_dir/dualCore_SOGRER_libIntegration/videoProcessing_prj/SDK/SDK_Workspace/SOERGR_sw/src/inc" -c -fmessage-length=0 -I../../standalone_bsp_0/ps7_cortexa9_0/include -MMD -MP -MF"src/IP_SW/SobelIP/SW/function/Sobel_SW.d" -MT"src/IP_SW/SobelIP/SW/function/Sobel_SW.d" -o "src/IP_SW/SobelIP/SW/function/Sobel_SW.o" "../src/IP_SW/SobelIP/SW/function/Sobel_SW.c"
Finished building: ../src/IP_SW/SobelIP/SW/function/Sobel_SW.c
 
Building file: ../src/IP_SW/SobelIP/SW/function/Sobel_func.c
Invoking: ARM gcc compiler
arm-xilinx-eabi-gcc -Wall -O0 -g3 -I"/nfs/TUEIEDAprojects/SystemDesign/work/zynq/mamatha/uzair_sharif/EDA_Munish/work_dir/dualCore_SOGRER_libIntegration/videoProcessing_prj/SDK/SDK_Workspace/SOERGR_sw/src/inc" -c -fmessage-length=0 -I../../standalone_bsp_0/ps7_cortexa9_0/include -MMD -MP -MF"src/IP_SW/SobelIP/SW/function/Sobel_func.d" -MT"src/IP_SW/SobelIP/SW/function/Sobel_func.d" -o "src/IP_SW/SobelIP/SW/function/Sobel_func.o" "../src/IP_SW/SobelIP/SW/function/Sobel_func.c"
Finished building: ../src/IP_SW/SobelIP/SW/function/Sobel_func.c
 
Building file: ../src/IP_SW/SobelIP/SW/driver/Rule1/Sobel_Rule1Driver.c
Invoking: ARM gcc compiler
arm-xilinx-eabi-gcc -Wall -O0 -g3 -I"/nfs/TUEIEDAprojects/SystemDesign/work/zynq/mamatha/uzair_sharif/EDA_Munish/work_dir/dualCore_SOGRER_libIntegration/videoProcessing_prj/SDK/SDK_Workspace/SOERGR_sw/src/inc" -c -fmessage-length=0 -I../../standalone_bsp_0/ps7_cortexa9_0/include -MMD -MP -MF"src/IP_SW/SobelIP/SW/driver/Rule1/Sobel_Rule1Driver.d" -MT"src/IP_SW/SobelIP/SW/driver/Rule1/Sobel_Rule1Driver.d" -o "src/IP_SW/SobelIP/SW/driver/Rule1/Sobel_Rule1Driver.o" "../src/IP_SW/SobelIP/SW/driver/Rule1/Sobel_Rule1Driver.c"
Finished building: ../src/IP_SW/SobelIP/SW/driver/Rule1/Sobel_Rule1Driver.c
 
Building file: ../src/IP_SW/SobelIP/SW/driver/Base/SobelIP_Driver.c
Invoking: ARM gcc compiler
arm-xilinx-eabi-gcc -Wall -O0 -g3 -I"/nfs/TUEIEDAprojects/SystemDesign/work/zynq/mamatha/uzair_sharif/EDA_Munish/work_dir/dualCore_SOGRER_libIntegration/videoProcessing_prj/SDK/SDK_Workspace/SOERGR_sw/src/inc" -c -fmessage-length=0 -I../../standalone_bsp_0/ps7_cortexa9_0/include -MMD -MP -MF"src/IP_SW/SobelIP/SW/driver/Base/SobelIP_Driver.d" -MT"src/IP_SW/SobelIP/SW/driver/Base/SobelIP_Driver.d" -o "src/IP_SW/SobelIP/SW/driver/Base/SobelIP_Driver.o" "../src/IP_SW/SobelIP/SW/driver/Base/SobelIP_Driver.c"
Finished building: ../src/IP_SW/SobelIP/SW/driver/Base/SobelIP_Driver.c
 
Building file: ../src/IP_SW/GrayscaleIP/SW/function/Grayscale_SW.c
Invoking: ARM gcc compiler
arm-xilinx-eabi-gcc -Wall -O0 -g3 -I"/nfs/TUEIEDAprojects/SystemDesign/work/zynq/mamatha/uzair_sharif/EDA_Munish/work_dir/dualCore_SOGRER_libIntegration/videoProcessing_prj/SDK/SDK_Workspace/SOERGR_sw/src/inc" -c -fmessage-length=0 -I../../standalone_bsp_0/ps7_cortexa9_0/include -MMD -MP -MF"src/IP_SW/GrayscaleIP/SW/function/Grayscale_SW.d" -MT"src/IP_SW/GrayscaleIP/SW/function/Grayscale_SW.d" -o "src/IP_SW/GrayscaleIP/SW/function/Grayscale_SW.o" "../src/IP_SW/GrayscaleIP/SW/function/Grayscale_SW.c"
Finished building: ../src/IP_SW/GrayscaleIP/SW/function/Grayscale_SW.c
 
Building file: ../src/IP_SW/GrayscaleIP/SW/function/Grayscale_func.c
Invoking: ARM gcc compiler
arm-xilinx-eabi-gcc -Wall -O0 -g3 -I"/nfs/TUEIEDAprojects/SystemDesign/work/zynq/mamatha/uzair_sharif/EDA_Munish/work_dir/dualCore_SOGRER_libIntegration/videoProcessing_prj/SDK/SDK_Workspace/SOERGR_sw/src/inc" -c -fmessage-length=0 -I../../standalone_bsp_0/ps7_cortexa9_0/include -MMD -MP -MF"src/IP_SW/GrayscaleIP/SW/function/Grayscale_func.d" -MT"src/IP_SW/GrayscaleIP/SW/function/Grayscale_func.d" -o "src/IP_SW/GrayscaleIP/SW/function/Grayscale_func.o" "../src/IP_SW/GrayscaleIP/SW/function/Grayscale_func.c"
Finished building: ../src/IP_SW/GrayscaleIP/SW/function/Grayscale_func.c
 
Building file: ../src/IP_SW/GrayscaleIP/SW/driver/Rule2/Grayscale_Rule2Driver.c
Invoking: ARM gcc compiler
arm-xilinx-eabi-gcc -Wall -O0 -g3 -I"/nfs/TUEIEDAprojects/SystemDesign/work/zynq/mamatha/uzair_sharif/EDA_Munish/work_dir/dualCore_SOGRER_libIntegration/videoProcessing_prj/SDK/SDK_Workspace/SOERGR_sw/src/inc" -c -fmessage-length=0 -I../../standalone_bsp_0/ps7_cortexa9_0/include -MMD -MP -MF"src/IP_SW/GrayscaleIP/SW/driver/Rule2/Grayscale_Rule2Driver.d" -MT"src/IP_SW/GrayscaleIP/SW/driver/Rule2/Grayscale_Rule2Driver.d" -o "src/IP_SW/GrayscaleIP/SW/driver/Rule2/Grayscale_Rule2Driver.o" "../src/IP_SW/GrayscaleIP/SW/driver/Rule2/Grayscale_Rule2Driver.c"
Finished building: ../src/IP_SW/GrayscaleIP/SW/driver/Rule2/Grayscale_Rule2Driver.c
 
Building file: ../src/IP_SW/GrayscaleIP/SW/driver/Rule1/Grayscale_Rule1Driver.c
Invoking: ARM gcc compiler
arm-xilinx-eabi-gcc -Wall -O0 -g3 -I"/nfs/TUEIEDAprojects/SystemDesign/work/zynq/mamatha/uzair_sharif/EDA_Munish/work_dir/dualCore_SOGRER_libIntegration/videoProcessing_prj/SDK/SDK_Workspace/SOERGR_sw/src/inc" -c -fmessage-length=0 -I../../standalone_bsp_0/ps7_cortexa9_0/include -MMD -MP -MF"src/IP_SW/GrayscaleIP/SW/driver/Rule1/Grayscale_Rule1Driver.d" -MT"src/IP_SW/GrayscaleIP/SW/driver/Rule1/Grayscale_Rule1Driver.d" -o "src/IP_SW/GrayscaleIP/SW/driver/Rule1/Grayscale_Rule1Driver.o" "../src/IP_SW/GrayscaleIP/SW/driver/Rule1/Grayscale_Rule1Driver.c"
Finished building: ../src/IP_SW/GrayscaleIP/SW/driver/Rule1/Grayscale_Rule1Driver.c
 
Building file: ../src/IP_SW/GrayscaleIP/SW/driver/Base/GrayscaleIP_Driver.c
Invoking: ARM gcc compiler
arm-xilinx-eabi-gcc -Wall -O0 -g3 -I"/nfs/TUEIEDAprojects/SystemDesign/work/zynq/mamatha/uzair_sharif/EDA_Munish/work_dir/dualCore_SOGRER_libIntegration/videoProcessing_prj/SDK/SDK_Workspace/SOERGR_sw/src/inc" -c -fmessage-length=0 -I../../standalone_bsp_0/ps7_cortexa9_0/include -MMD -MP -MF"src/IP_SW/GrayscaleIP/SW/driver/Base/GrayscaleIP_Driver.d" -MT"src/IP_SW/GrayscaleIP/SW/driver/Base/GrayscaleIP_Driver.d" -o "src/IP_SW/GrayscaleIP/SW/driver/Base/GrayscaleIP_Driver.o" "../src/IP_SW/GrayscaleIP/SW/driver/Base/GrayscaleIP_Driver.c"
Finished building: ../src/IP_SW/GrayscaleIP/SW/driver/Base/GrayscaleIP_Driver.c
 
Building file: ../src/IP_SW/ErodeIP/SW/function/Erode_SW.c
Invoking: ARM gcc compiler
arm-xilinx-eabi-gcc -Wall -O0 -g3 -I"/nfs/TUEIEDAprojects/SystemDesign/work/zynq/mamatha/uzair_sharif/EDA_Munish/work_dir/dualCore_SOGRER_libIntegration/videoProcessing_prj/SDK/SDK_Workspace/SOERGR_sw/src/inc" -c -fmessage-length=0 -I../../standalone_bsp_0/ps7_cortexa9_0/include -MMD -MP -MF"src/IP_SW/ErodeIP/SW/function/Erode_SW.d" -MT"src/IP_SW/ErodeIP/SW/function/Erode_SW.d" -o "src/IP_SW/ErodeIP/SW/function/Erode_SW.o" "../src/IP_SW/ErodeIP/SW/function/Erode_SW.c"
Finished building: ../src/IP_SW/ErodeIP/SW/function/Erode_SW.c
 
Building file: ../src/IP_SW/ErodeIP/SW/function/Erode_func.c
Invoking: ARM gcc compiler
arm-xilinx-eabi-gcc -Wall -O0 -g3 -I"/nfs/TUEIEDAprojects/SystemDesign/work/zynq/mamatha/uzair_sharif/EDA_Munish/work_dir/dualCore_SOGRER_libIntegration/videoProcessing_prj/SDK/SDK_Workspace/SOERGR_sw/src/inc" -c -fmessage-length=0 -I../../standalone_bsp_0/ps7_cortexa9_0/include -MMD -MP -MF"src/IP_SW/ErodeIP/SW/function/Erode_func.d" -MT"src/IP_SW/ErodeIP/SW/function/Erode_func.d" -o "src/IP_SW/ErodeIP/SW/function/Erode_func.o" "../src/IP_SW/ErodeIP/SW/function/Erode_func.c"
Finished building: ../src/IP_SW/ErodeIP/SW/function/Erode_func.c
 
Building file: ../src/IP_SW/ErodeIP/SW/driver/Rule1/Erode_Rule1Driver.c
Invoking: ARM gcc compiler
arm-xilinx-eabi-gcc -Wall -O0 -g3 -I"/nfs/TUEIEDAprojects/SystemDesign/work/zynq/mamatha/uzair_sharif/EDA_Munish/work_dir/dualCore_SOGRER_libIntegration/videoProcessing_prj/SDK/SDK_Workspace/SOERGR_sw/src/inc" -c -fmessage-length=0 -I../../standalone_bsp_0/ps7_cortexa9_0/include -MMD -MP -MF"src/IP_SW/ErodeIP/SW/driver/Rule1/Erode_Rule1Driver.d" -MT"src/IP_SW/ErodeIP/SW/driver/Rule1/Erode_Rule1Driver.d" -o "src/IP_SW/ErodeIP/SW/driver/Rule1/Erode_Rule1Driver.o" "../src/IP_SW/ErodeIP/SW/driver/Rule1/Erode_Rule1Driver.c"
Finished building: ../src/IP_SW/ErodeIP/SW/driver/Rule1/Erode_Rule1Driver.c
 
Building file: ../src/IP_SW/ErodeIP/SW/driver/Base/ErodeIP_Driver.c
Invoking: ARM gcc compiler
arm-xilinx-eabi-gcc -Wall -O0 -g3 -I"/nfs/TUEIEDAprojects/SystemDesign/work/zynq/mamatha/uzair_sharif/EDA_Munish/work_dir/dualCore_SOGRER_libIntegration/videoProcessing_prj/SDK/SDK_Workspace/SOERGR_sw/src/inc" -c -fmessage-length=0 -I../../standalone_bsp_0/ps7_cortexa9_0/include -MMD -MP -MF"src/IP_SW/ErodeIP/SW/driver/Base/ErodeIP_Driver.d" -MT"src/IP_SW/ErodeIP/SW/driver/Base/ErodeIP_Driver.d" -o "src/IP_SW/ErodeIP/SW/driver/Base/ErodeIP_Driver.o" "../src/IP_SW/ErodeIP/SW/driver/Base/ErodeIP_Driver.c"
Finished building: ../src/IP_SW/ErodeIP/SW/driver/Base/ErodeIP_Driver.c
 
Building file: ../.metadata/.plugins/org.eclipse.cdt.make.core/specs.c
Invoking: ARM gcc compiler
arm-xilinx-eabi-gcc -Wall -O0 -g3 -I"/nfs/TUEIEDAprojects/SystemDesign/work/zynq/mamatha/uzair_sharif/EDA_Munish/work_dir/dualCore_SOGRER_libIntegration/videoProcessing_prj/SDK/SDK_Workspace/SOERGR_sw/src/inc" -c -fmessage-length=0 -I../../standalone_bsp_0/ps7_cortexa9_0/include -MMD -MP -MF".metadata/.plugins/org.eclipse.cdt.make.core/specs.d" -MT".metadata/.plugins/org.eclipse.cdt.make.core/specs.d" -o ".metadata/.plugins/org.eclipse.cdt.make.core/specs.o" "../.metadata/.plugins/org.eclipse.cdt.make.core/specs.c"
Finished building: ../.metadata/.plugins/org.eclipse.cdt.make.core/specs.c
 
Building target: SOERGR_sw.elf
Invoking: ARM gcc linker
arm-xilinx-eabi-gcc -L"/nfs/TUEIEDAprojects/SystemDesign/work/zynq/mamatha/uzair_sharif/EDA_Munish/work_dir/dualCore_SOGRER_libIntegration/videoProcessing_prj/SDK/SDK_Workspace/SOERGR_sw/src/lib" -Wl,-T -Wl,../src/lscript.ld -L../../standalone_bsp_0/ps7_cortexa9_0/lib -o "SOERGR_sw.elf"  ./src/src/axi_interrupt.o ./src/src/cf_hdmi.o ./src/src/main.o ./src/src/transmitter.o ./src/src/vdma_config.o  ./src/multicore_sup/SoCProc_support.o ./src/multicore_sup/SoCProc_support_config.o ./src/multicore_sup/XIL_MICROBLAZE_8_5_support.o ./src/multicore_sup/ZYNQ_ARM_CORTEX_A9_support.o  ./src/IP_SW/VDMAIP/SW/driver/Base/VDMAIP_Driver.o  ./src/IP_SW/SobelIP/SW/function/Sobel_SW.o ./src/IP_SW/SobelIP/SW/function/Sobel_func.o  ./src/IP_SW/SobelIP/SW/driver/Rule1/Sobel_Rule1Driver.o  ./src/IP_SW/SobelIP/SW/driver/Base/SobelIP_Driver.o  ./src/IP_SW/GrayscaleIP/SW/function/Grayscale_SW.o ./src/IP_SW/GrayscaleIP/SW/function/Grayscale_func.o  ./src/IP_SW/GrayscaleIP/SW/driver/Rule2/Grayscale_Rule2Driver.o  ./src/IP_SW/GrayscaleIP/SW/driver/Rule1/Grayscale_Rule1Driver.o  ./src/IP_SW/GrayscaleIP/SW/driver/Base/GrayscaleIP_Driver.o  ./src/IP_SW/ErodeIP/SW/function/Erode_SW.o ./src/IP_SW/ErodeIP/SW/function/Erode_func.o  ./src/IP_SW/ErodeIP/SW/driver/Rule1/Erode_Rule1Driver.o  ./src/IP_SW/ErodeIP/SW/driver/Base/ErodeIP_Driver.o  ./.metadata/.plugins/org.eclipse.cdt.make.core/specs.o   -lHDMI_ZedBoardLib -Wl,--start-group,-lxil,-lgcc,-lc,--end-group
Finished building target: SOERGR_sw.elf
 
Invoking: ARM Print Size
arm-xilinx-eabi-size SOERGR_sw.elf  |tee "SOERGR_sw.elf.size"
   text	   data	    bss	    dec	    hex	filename
 123792	   5424	  22524	 151740	  250bc	SOERGR_sw.elf
Finished building: SOERGR_sw.elf.size
 
21:36:19 **** Incremental Build of configuration Debug for project SOERGR_sw ****
make all 
make: Nothing to be done for `all'.
21:37:42 **** Incremental Build of configuration Debug for project SOERGR_sw ****
make all 
make: Nothing to be done for `all'.
