23:43:23 **** Auto Build of configuration Debug for project SOERGR_sw ****
make all 
Building file: ../src/src/main.c
Invoking: ARM gcc compiler
arm-xilinx-eabi-gcc -Wall -O0 -g3 -I"/nfs/TUEIEDAprojects/SystemDesign/work/zynq/mamatha/uzair_sharif/EDA_Munish/work_dir/dualCore_SOGRER_libIntegration/videoProcessing_prj/SDK/SDK_Workspace/SOERGR_sw/src/inc" -c -fmessage-length=0 -I../../standalone_bsp_0/ps7_cortexa9_0/include -MMD -MP -MF"src/src/main.d" -MT"src/src/main.d" -o "src/src/main.o" "../src/src/main.c"
Finished building: ../src/src/main.c
 
Building target: SOERGR_sw.elf
Invoking: ARM gcc linker
arm-xilinx-eabi-gcc -L"/nfs/TUEIEDAprojects/SystemDesign/work/zynq/mamatha/uzair_sharif/EDA_Munish/work_dir/dualCore_SOGRER_libIntegration/videoProcessing_prj/SDK/SDK_Workspace/SOERGR_sw/src/lib" -Wl,-T -Wl,../src/lscript.ld -L../../standalone_bsp_0/ps7_cortexa9_0/lib -o "SOERGR_sw.elf"  ./src/src/GrayscaleIP_Rule1Driver.o ./src/src/GrayscaleIP_Rule2Driver.o ./src/src/GrayscaleIP_SW.o ./src/src/GrayscaleIP_config.o ./src/src/GrayscaleIP_func.o ./src/src/VDMAIP_Driver.o ./src/src/axi_interrupt.o ./src/src/cf_hdmi.o ./src/src/main.o ./src/src/transmitter.o  ./.metadata/.plugins/org.eclipse.cdt.make.core/specs.o   -lHDMI_ZedBoardLib -Wl,--start-group,-lxil,-lgcc,-lc,--end-group
Finished building target: SOERGR_sw.elf
 
Invoking: ARM Print Size
arm-xilinx-eabi-size SOERGR_sw.elf  |tee "SOERGR_sw.elf.size"
   text	   data	    bss	    dec	    hex	filename
 103792	   2880	  22412	 129084	  1f83c	SOERGR_sw.elf
Finished building: SOERGR_sw.elf.size
 

23:43:23 Build Finished (took 321ms)

